Wakkanai 1953-02: 28 rows
Wakkanai 1953-03: 31 rows
Wakkanai 1954-02: 28 rows
Wakkanai 1954-03: 31 rows
Wakkanai 1955-02: 28 rows
Wakkanai 1955-03: 31 rows
Wakkanai 1956-02: 29 rows
Wakkanai 1956-03: 31 rows
Wakkanai 1957-02: 28 rows
Wakkanai 1957-03: 31 rows
Wakkanai 1958-02: 28 rows
Wakkanai 1958-03: 31 rows
Wakkanai 1959-02: 28 rows
Wakkanai 1959-03: 31 rows
Wakkanai 1960-02: 29 rows
Wakkanai 1960-03: 31 rows
Wakkanai 1961-02: 28 rows
Wakkanai 1961-03: 31 rows
Wakkanai 1962-02: 28 rows
Wakkanai 1962-03: 31 rows
Wakkanai 1963-02: 28 rows
Wakkanai 1963-03: 31 rows
Wakkanai 1964-02: 29 rows
Wakkanai 1964-03: 31 rows
Wakkanai 1965-02: 28 rows
Wakkanai 1965-03: 31 rows
Wakkanai 1966-02: 28 rows
Wakkanai 1966-03: 31 rows
Wakkanai 1967-02: 28 rows
Wakkanai 1967-03: 31 rows
Wakkanai 1968-02: 29 rows
Wakkanai 1968-03: 31 rows
Wakkanai 1969-02: 28 rows
Wakkanai 1969-03: 31 rows
Wakkanai 1970-02: 28 rows
Wakkanai 1970-03: 31 rows
Wakkanai 1971-02: 28 rows
Wakkanai 1971-03: 31 rows
Wakkanai 1972-02: 29 rows
Wakkanai 1972-03: 31 rows
Wakkanai 1973-02: 28 rows
Wakkanai 1973-03: 31 rows
Wakkanai 1974-02: 28 rows
Wakkanai 1974-03: 31 rows
Wakkanai 1975-02: 28 rows
Wakkanai 1975-03: 31 rows
Wakkanai 1976-02: 29 rows
Wakkanai 1976-03: 31 rows
Wakkanai 1977-02: 28 rows
Wakkanai 1977-03: 31 rows
Wakkanai 1978-02: 28 rows
Wakkanai 1978-03: 31 rows
Wakkanai 1979-02: 28 rows
Wakkanai 1979-03: 31 rows
Wakkanai 1980-02: 29 rows
Wakkanai 1980-03: 31 rows
Wakkanai 1981-02: 28 rows
Wakkanai 1981-03: 31 rows
Wakkanai 1982-02: 28 rows
Wakkanai 1982-03: 31 rows
Wakkanai 1983-02: 28 rows
Wakkanai 1983-03: 31 rows
Wakkanai 1984-02: 29 rows
Wakkanai 1984-03: 31 rows
Wakkanai 1985-02: 28 rows
Wakkanai 1985-03: 31 rows
Wakkanai 1986-02: 28 rows
Wakkanai 1986-03: 31 rows
Wakkanai 1987-02: 28 rows
Wakkanai 1987-03: 31 rows
Wakkanai 1988-02: 29 rows
Wakkanai 1988-03: 31 rows
Wakkanai 1989-02: 28 rows
Wakkanai 1989-03: 31 rows
Wakkanai 1990-02: 28 rows
Wakkanai 1990-03: 31 rows
Wakkanai 1991-02: 28 rows
Wakkanai 1991-03: 31 rows
Wakkanai 1992-02: 28 rows
Wakkanai 1992-03: 30 rows
Wakkanai 1993-02: 28 rows
Wakkanai 1993-03: 31 rows
Wakkanai 1994-02: 28 rows
Wakkanai 1994-03: 31 rows
Wakkanai 1995-02: 28 rows
Wakkanai 1995-03: 31 rows
Wakkanai 1996-02: 29 rows
Wakkanai 1996-03: 31 rows
Wakkanai 1997-02: 28 rows
Wakkanai 1997-03: 31 rows
Wakkanai 1998-02: 28 rows
Wakkanai 1998-03: 31 rows
Wakkanai 1999-02: 28 rows
Wakkanai 1999-03: 31 rows
Wakkanai 2000-02: 29 rows
Wakkanai 2000-03: 31 rows
Wakkanai 2001-02: 28 rows
Wakkanai 2001-03: 31 rows
Wakkanai 2002-02: 28 rows
Wakkanai 2002-03: 31 rows
Wakkanai 2003-02: 28 rows
Wakkanai 2003-03: 31 rows
Wakkanai 2004-02: 29 rows
Wakkanai 2004-03: 31 rows
Wakkanai 2005-02: 28 rows
Wakkanai 2005-03: 31 rows
Wakkanai 2006-02: 28 rows
Wakkanai 2006-03: 31 rows
Wakkanai 2007-02: 28 rows
Wakkanai 2007-03: 31 rows
Wakkanai 2008-02: 29 rows
Wakkanai 2008-03: 31 rows
Wakkanai 2009-02: 28 rows
Wakkanai 2009-03: 31 rows
Wakkanai 2010-02: 28 rows
Wakkanai 2010-03: 31 rows
Wakkanai 2011-02: 28 rows
Wakkanai 2011-03: 31 rows
Wakkanai 2012-02: 29 rows
Wakkanai 2012-03: 31 rows
Wakkanai 2013-02: 28 rows
Wakkanai 2013-03: 31 rows
Wakkanai 2014-02: 28 rows
Wakkanai 2014-03: 30 rows
Wakkanai 2015-02: 28 rows
Wakkanai 2015-03: 31 rows
Wakkanai 2016-02: 29 rows
Wakkanai 2016-03: 31 rows
Wakkanai 2017-02: 28 rows
Wakkanai 2017-03: 31 rows
Wakkanai 2018-02: 28 rows
Wakkanai 2018-03: 31 rows
Wakkanai 2019-02: 28 rows
Wakkanai 2019-03: 31 rows
Wakkanai 2020-02: 29 rows
Wakkanai 2020-03: 31 rows
Wakkanai 2021-02: 28 rows
Wakkanai 2021-03: 31 rows
Wakkanai 2022-02: 28 rows
Wakkanai 2022-03: 31 rows
Wakkanai 2023-02: 27 rows
Wakkanai 2023-03: 31 rows
Wakkanai 2024-02: 28 rows
Wakkanai 2024-03: 31 rows
Asahikawa 1953-02: 28 rows
Asahikawa 1953-03: 31 rows
Asahikawa 1954-02: 28 rows
Asahikawa 1954-03: 31 rows
Asahikawa 1955-02: 28 rows
Asahikawa 1955-03: 31 rows
Asahikawa 1956-02: 29 rows
Asahikawa 1956-03: 31 rows
Asahikawa 1957-02: 28 rows
Asahikawa 1957-03: 31 rows
Asahikawa 1958-02: 28 rows
Asahikawa 1958-03: 31 rows
Asahikawa 1959-02: 28 rows
Asahikawa 1959-03: 31 rows
Asahikawa 1960-02: 29 rows
Asahikawa 1960-03: 31 rows
Asahikawa 1961-02: 28 rows
Asahikawa 1961-03: 31 rows
Asahikawa 1962-02: 28 rows
Asahikawa 1962-03: 31 rows
Asahikawa 1963-02: 28 rows
Asahikawa 1963-03: 31 rows
Asahikawa 1964-02: 29 rows
Asahikawa 1964-03: 31 rows
Asahikawa 1965-02: 28 rows
Asahikawa 1965-03: 31 rows
Asahikawa 1966-02: 28 rows
Asahikawa 1966-03: 31 rows
Asahikawa 1967-02: 28 rows
Asahikawa 1967-03: 31 rows
Asahikawa 1968-02: 29 rows
Asahikawa 1968-03: 31 rows
Asahikawa 1969-02: 28 rows
Asahikawa 1969-03: 31 rows
Asahikawa 1970-02: 28 rows
Asahikawa 1970-03: 31 rows
Asahikawa 1971-02: 28 rows
Asahikawa 1971-03: 31 rows
Asahikawa 1972-02: 29 rows
Asahikawa 1972-03: 31 rows
Asahikawa 1973-02: 28 rows
Asahikawa 1973-03: 31 rows
Asahikawa 1974-02: 28 rows
Asahikawa 1974-03: 31 rows
Asahikawa 1975-02: 28 rows
Asahikawa 1975-03: 31 rows
Asahikawa 1976-02: 29 rows
Asahikawa 1976-03: 31 rows
Asahikawa 1977-02: 28 rows
Asahikawa 1977-03: 31 rows
Asahikawa 1978-02: 28 rows
Asahikawa 1978-03: 31 rows
Asahikawa 1979-02: 28 rows
Asahikawa 1979-03: 31 rows
Asahikawa 1980-02: 29 rows
Asahikawa 1980-03: 31 rows
Asahikawa 1981-02: 28 rows
Asahikawa 1981-03: 31 rows
Asahikawa 1982-02: 28 rows
Asahikawa 1982-03: 31 rows
Asahikawa 1983-02: 28 rows
Asahikawa 1983-03: 31 rows
Asahikawa 1984-02: 29 rows
Asahikawa 1984-03: 31 rows
Asahikawa 1985-02: 28 rows
Asahikawa 1985-03: 31 rows
Asahikawa 1986-02: 28 rows
Asahikawa 1986-03: 31 rows
Asahikawa 1987-02: 28 rows
Asahikawa 1987-03: 31 rows
Asahikawa 1988-02: 29 rows
Asahikawa 1988-03: 31 rows
Asahikawa 1989-02: 28 rows
Asahikawa 1989-03: 31 rows
Asahikawa 1990-02: 28 rows
Asahikawa 1990-03: 31 rows
Asahikawa 1991-02: 28 rows
Asahikawa 1991-03: 31 rows
Asahikawa 1992-02: 29 rows
Asahikawa 1992-03: 31 rows
Asahikawa 1993-02: 28 rows
Asahikawa 1993-03: 31 rows
Asahikawa 1994-02: 28 rows
Asahikawa 1994-03: 31 rows
Asahikawa 1995-02: 28 rows
Asahikawa 1995-03: 31 rows
Asahikawa 1996-02: 29 rows
Asahikawa 1996-03: 31 rows
Asahikawa 1997-02: 28 rows
Asahikawa 1997-03: 31 rows
Asahikawa 1998-02: 28 rows
Asahikawa 1998-03: 31 rows
Asahikawa 1999-02: 28 rows
Asahikawa 1999-03: 31 rows
Asahikawa 2000-02: 29 rows
Asahikawa 2000-03: 31 rows
Asahikawa 2001-02: 28 rows
Asahikawa 2001-03: 31 rows
Asahikawa 2002-02: 28 rows
Asahikawa 2002-03: 31 rows
Asahikawa 2003-02: 28 rows
Asahikawa 2003-03: 31 rows
Asahikawa 2004-02: 29 rows
Asahikawa 2004-03: 31 rows
Asahikawa 2005-02: 28 rows
Asahikawa 2005-03: 31 rows
Asahikawa 2006-02: 28 rows
Asahikawa 2006-03: 31 rows
Asahikawa 2007-02: 28 rows
Asahikawa 2007-03: 31 rows
Asahikawa 2008-02: 29 rows
Asahikawa 2008-03: 31 rows
Asahikawa 2009-02: 28 rows
Asahikawa 2009-03: 31 rows
Asahikawa 2010-02: 28 rows
Asahikawa 2010-03: 31 rows
Asahikawa 2011-02: 28 rows
Asahikawa 2011-03: 31 rows
Asahikawa 2012-02: 29 rows
Asahikawa 2012-03: 31 rows
Asahikawa 2013-02: 28 rows
Asahikawa 2013-03: 31 rows
Asahikawa 2014-02: 28 rows
Asahikawa 2014-03: 31 rows
Asahikawa 2015-02: 28 rows
Asahikawa 2015-03: 31 rows
Asahikawa 2016-02: 29 rows
Asahikawa 2016-03: 30 rows
Asahikawa 2017-02: 28 rows
Asahikawa 2017-03: 31 rows
Asahikawa 2018-02: 28 rows
Asahikawa 2018-03: 31 rows
Asahikawa 2019-02: 28 rows
Asahikawa 2019-03: 31 rows
Asahikawa 2020-02: 29 rows
Asahikawa 2020-03: 31 rows
Asahikawa 2021-02: 28 rows
Asahikawa 2021-03: 31 rows
Asahikawa 2022-02: 28 rows
Asahikawa 2022-03: 31 rows
Asahikawa 2023-02: 28 rows
Asahikawa 2023-03: 31 rows
Asahikawa 2024-02: 29 rows
Asahikawa 2024-03: 31 rows
Iwamizawa 1953-02: 28 rows
Iwamizawa 1953-03: 31 rows
Iwamizawa 1954-02: 28 rows
Iwamizawa 1954-03: 31 rows
Iwamizawa 1955-02: 28 rows
Iwamizawa 1955-03: 31 rows
Iwamizawa 1956-02: 29 rows
Iwamizawa 1956-03: 31 rows
Iwamizawa 1957-02: 28 rows
Iwamizawa 1957-03: 31 rows
Iwamizawa 1958-02: 28 rows
Iwamizawa 1958-03: 31 rows
Iwamizawa 1959-02: 28 rows
Iwamizawa 1959-03: 31 rows
Iwamizawa 1960-02: 29 rows
Iwamizawa 1960-03: 31 rows
Iwamizawa 1961-02: 28 rows
Iwamizawa 1961-03: 31 rows
Iwamizawa 1962-02: 28 rows
Iwamizawa 1962-03: 31 rows
Iwamizawa 1963-02: 28 rows
Iwamizawa 1963-03: 31 rows
Iwamizawa 1964-02: 29 rows
Iwamizawa 1964-03: 31 rows
Iwamizawa 1965-02: 28 rows
Iwamizawa 1965-03: 31 rows
Iwamizawa 1966-02: 28 rows
Iwamizawa 1966-03: 31 rows
Iwamizawa 1967-02: 28 rows
Iwamizawa 1967-03: 31 rows
Iwamizawa 1968-02: 29 rows
Iwamizawa 1968-03: 31 rows
Iwamizawa 1969-02: 28 rows
Iwamizawa 1969-03: 31 rows
Iwamizawa 1970-02: 28 rows
Iwamizawa 1970-03: 31 rows
Iwamizawa 1971-02: 28 rows
Iwamizawa 1971-03: 31 rows
Iwamizawa 1972-02: 29 rows
Iwamizawa 1972-03: 31 rows
Iwamizawa 1973-02: 28 rows
Iwamizawa 1973-03: 31 rows
Iwamizawa 1974-02: 28 rows
Iwamizawa 1974-03: 31 rows
Iwamizawa 1975-02: 28 rows
Iwamizawa 1975-03: 31 rows
Iwamizawa 1976-02: 29 rows
Iwamizawa 1976-03: 31 rows
Iwamizawa 1977-02: 28 rows
Iwamizawa 1977-03: 31 rows
Iwamizawa 1978-02: 28 rows
Iwamizawa 1978-03: 31 rows
Iwamizawa 1979-02: 28 rows
Iwamizawa 1979-03: 31 rows
Iwamizawa 1980-02: 29 rows
Iwamizawa 1980-03: 31 rows
Iwamizawa 1981-02: 28 rows
Iwamizawa 1981-03: 31 rows
Iwamizawa 1982-02: 28 rows
Iwamizawa 1982-03: 31 rows
Iwamizawa 1983-02: 28 rows
Iwamizawa 1983-03: 31 rows
Iwamizawa 1984-02: 29 rows
Iwamizawa 1984-03: 31 rows
Iwamizawa 1985-02: 28 rows
Iwamizawa 1985-03: 31 rows
Iwamizawa 1986-02: 28 rows
Iwamizawa 1986-03: 31 rows
Iwamizawa 1987-02: 28 rows
Iwamizawa 1987-03: 31 rows
Iwamizawa 1988-02: 29 rows
Iwamizawa 1988-03: 31 rows
Iwamizawa 1989-02: 28 rows
Iwamizawa 1989-03: 31 rows
Iwamizawa 1990-02: 28 rows
Iwamizawa 1990-03: 31 rows
Iwamizawa 1991-02: 28 rows
Iwamizawa 1991-03: 31 rows
Iwamizawa 1992-02: 29 rows
Iwamizawa 1992-03: 31 rows
Iwamizawa 1993-02: 28 rows
Iwamizawa 1993-03: 31 rows
Iwamizawa 1994-02: 28 rows
Iwamizawa 1994-03: 31 rows
Iwamizawa 1995-02: 28 rows
Iwamizawa 1995-03: 31 rows
Iwamizawa 1996-02: 29 rows
Iwamizawa 1996-03: 31 rows
Iwamizawa 1997-02: 28 rows
Iwamizawa 1997-03: 31 rows
Iwamizawa 1998-02: 28 rows
Iwamizawa 1998-03: 31 rows
Iwamizawa 1999-02: 28 rows
Iwamizawa 1999-03: 31 rows
Iwamizawa 2000-02: 29 rows
Iwamizawa 2000-03: 31 rows
Iwamizawa 2001-02: 28 rows
Iwamizawa 2001-03: 31 rows
Iwamizawa 2002-02: 28 rows
Iwamizawa 2002-03: 31 rows
Iwamizawa 2003-02: 28 rows
Iwamizawa 2003-03: 31 rows
Iwamizawa 2004-02: 29 rows
Iwamizawa 2004-03: 31 rows
Iwamizawa 2005-02: 28 rows
Iwamizawa 2005-03: 31 rows
Iwamizawa 2006-02: 28 rows
Iwamizawa 2006-03: 31 rows
Iwamizawa 2007-02: 28 rows
Iwamizawa 2007-03: 31 rows
Iwamizawa 2008-02: 29 rows
Iwamizawa 2008-03: 31 rows
Iwamizawa 2009-02: 28 rows
Iwamizawa 2009-03: 31 rows
Iwamizawa 2010-02: 28 rows
Iwamizawa 2010-03: 31 rows
Iwamizawa 2011-02: 28 rows
Iwamizawa 2011-03: 31 rows
Iwamizawa 2012-02: 29 rows
Iwamizawa 2012-03: 31 rows
Iwamizawa 2013-02: 28 rows
Iwamizawa 2013-03: 31 rows
Iwamizawa 2014-02: 28 rows
Iwamizawa 2014-03: 30 rows
Iwamizawa 2015-02: 28 rows
Iwamizawa 2015-03: 31 rows
Iwamizawa 2016-02: 29 rows
Iwamizawa 2016-03: 31 rows
Iwamizawa 2017-02: 28 rows
Iwamizawa 2017-03: 31 rows
Iwamizawa 2018-02: 28 rows
Iwamizawa 2018-03: 31 rows
Iwamizawa 2019-02: 28 rows
Iwamizawa 2019-03: 31 rows
Iwamizawa 2020-02: 29 rows
Iwamizawa 2020-03: 30 rows
Iwamizawa 2021-02: 28 rows
Iwamizawa 2021-03: 31 rows
Iwamizawa 2022-02: 28 rows
Iwamizawa 2022-03: 31 rows
Iwamizawa 2023-02: 28 rows
Iwamizawa 2023-03: 31 rows
Iwamizawa 2024-02: 29 rows
Iwamizawa 2024-03: 31 rows
Urakawa 1953-02: 28 rows
Urakawa 1953-03: 31 rows
Urakawa 1954-02: 28 rows
Urakawa 1954-03: 31 rows
Urakawa 1955-02: 28 rows
Urakawa 1955-03: 31 rows
Urakawa 1956-02: 29 rows
Urakawa 1956-03: 31 rows
Urakawa 1957-02: 28 rows
Urakawa 1957-03: 31 rows
Urakawa 1958-02: 28 rows
Urakawa 1958-03: 31 rows
Urakawa 1959-02: 28 rows
Urakawa 1959-03: 31 rows
Urakawa 1960-02: 29 rows
Urakawa 1960-03: 31 rows
Urakawa 1961-02: 28 rows
Urakawa 1961-03: 31 rows
Urakawa 1962-02: 28 rows
Urakawa 1962-03: 31 rows
Urakawa 1963-02: 28 rows
Urakawa 1963-03: 31 rows
Urakawa 1964-02: 29 rows
Urakawa 1964-03: 31 rows
Urakawa 1965-02: 28 rows
Urakawa 1965-03: 31 rows
Urakawa 1966-02: 28 rows
Urakawa 1966-03: 31 rows
Urakawa 1967-02: 28 rows
Urakawa 1967-03: 31 rows
Urakawa 1968-02: 29 rows
Urakawa 1968-03: 31 rows
Urakawa 1969-02: 28 rows
Urakawa 1969-03: 31 rows
Urakawa 1970-02: 28 rows
Urakawa 1970-03: 31 rows
Urakawa 1971-02: 28 rows
Urakawa 1971-03: 31 rows
Urakawa 1972-02: 29 rows
Urakawa 1972-03: 31 rows
Urakawa 1973-02: 28 rows
Urakawa 1973-03: 31 rows
Urakawa 1974-02: 28 rows
Urakawa 1974-03: 31 rows
Urakawa 1975-02: 28 rows
Urakawa 1975-03: 31 rows
Urakawa 1976-02: 29 rows
Urakawa 1976-03: 31 rows
Urakawa 1977-02: 28 rows
Urakawa 1977-03: 31 rows
Urakawa 1978-02: 28 rows
Urakawa 1978-03: 31 rows
Urakawa 1979-02: 28 rows
Urakawa 1979-03: 31 rows
Urakawa 1980-02: 29 rows
Urakawa 1980-03: 31 rows
Urakawa 1981-02: 28 rows
Urakawa 1981-03: 31 rows
Urakawa 1982-02: 28 rows
Urakawa 1982-03: 31 rows
Urakawa 1983-02: 28 rows
Urakawa 1983-03: 31 rows
Urakawa 1984-02: 29 rows
Urakawa 1984-03: 31 rows
Urakawa 1985-02: 28 rows
Urakawa 1985-03: 31 rows
Urakawa 1986-02: 28 rows
Urakawa 1986-03: 31 rows
Urakawa 1987-02: 28 rows
Urakawa 1987-03: 31 rows
Urakawa 1988-02: 29 rows
Urakawa 1988-03: 31 rows
Urakawa 1989-02: 28 rows
Urakawa 1989-03: 31 rows
Urakawa 1990-02: 28 rows
Urakawa 1990-03: 31 rows
Urakawa 1991-02: 28 rows
Urakawa 1991-03: 31 rows
Urakawa 1992-02: 29 rows
Urakawa 1992-03: 31 rows
Urakawa 1993-02: 28 rows
Urakawa 1993-03: 31 rows
Urakawa 1994-02: 28 rows
Urakawa 1994-03: 31 rows
Urakawa 1995-02: 28 rows
Urakawa 1995-03: 31 rows
Urakawa 1996-02: 29 rows
Urakawa 1996-03: 31 rows
Urakawa 1997-02: 28 rows
Urakawa 1997-03: 31 rows
Urakawa 1998-02: 28 rows
Urakawa 1998-03: 31 rows
Urakawa 1999-02: 28 rows
Urakawa 1999-03: 31 rows
Urakawa 2000-02: 29 rows
Urakawa 2000-03: 31 rows
Urakawa 2001-02: 28 rows
Urakawa 2001-03: 31 rows
Urakawa 2002-02: 28 rows
Urakawa 2002-03: 31 rows
Urakawa 2003-02: 28 rows
Urakawa 2003-03: 31 rows
Urakawa 2004-02: 29 rows
Urakawa 2004-03: 31 rows
Urakawa 2005-02: 28 rows
Urakawa 2005-03: 31 rows
Urakawa 2006-02: 28 rows
Urakawa 2006-03: 31 rows
Urakawa 2007-02: 28 rows
Urakawa 2007-03: 31 rows
Urakawa 2008-02: 29 rows
Urakawa 2008-03: 31 rows
Urakawa 2009-02: 28 rows
Urakawa 2009-03: 31 rows
Urakawa 2010-02: 28 rows
Urakawa 2010-03: 31 rows
Urakawa 2011-02: 28 rows
Urakawa 2011-03: 31 rows
Urakawa 2012-02: 29 rows
Urakawa 2012-03: 31 rows
Urakawa 2013-02: 28 rows
Urakawa 2013-03: 31 rows
Urakawa 2014-02: 28 rows
Urakawa 2014-03: 30 rows
Urakawa 2015-02: 28 rows
Urakawa 2015-03: 31 rows
Urakawa 2016-02: 29 rows
Urakawa 2016-03: 31 rows
Urakawa 2017-02: 28 rows
Urakawa 2017-03: 31 rows
Urakawa 2018-02: 27 rows
Urakawa 2018-03: 31 rows
Urakawa 2019-02: 28 rows
Urakawa 2019-03: 31 rows
Urakawa 2020-02: 29 rows
Urakawa 2020-03: 30 rows
Urakawa 2021-02: 27 rows
Urakawa 2021-03: 31 rows
Urakawa 2022-02: 28 rows
Urakawa 2022-03: 31 rows
Urakawa 2023-02: 28 rows
Urakawa 2023-03: 31 rows
Urakawa 2024-02: 28 rows
Urakawa 2024-03: 31 rows
Aomori 1953-02: 28 rows
Aomori 1953-03: 31 rows
Aomori 1954-02: 28 rows
Aomori 1954-03: 31 rows
Aomori 1955-02: 28 rows
Aomori 1955-03: 31 rows
Aomori 1956-02: 29 rows
Aomori 1956-03: 31 rows
Aomori 1957-02: 28 rows
Aomori 1957-03: 31 rows
Aomori 1958-02: 28 rows
Aomori 1958-03: 31 rows
Aomori 1959-02: 28 rows
Aomori 1959-03: 31 rows
Aomori 1960-02: 29 rows
Aomori 1960-03: 31 rows
Aomori 1961-02: 28 rows
Aomori 1961-03: 31 rows
Aomori 1962-02: 28 rows
Aomori 1962-03: 31 rows
Aomori 1963-02: 28 rows
Aomori 1963-03: 31 rows
Aomori 1964-02: 29 rows
Aomori 1964-03: 31 rows
Aomori 1965-02: 28 rows
Aomori 1965-03: 31 rows
Aomori 1966-02: 28 rows
Aomori 1966-03: 31 rows
Aomori 1967-02: 28 rows
Aomori 1967-03: 31 rows
Aomori 1968-02: 29 rows
Aomori 1968-03: 31 rows
Aomori 1969-02: 28 rows
Aomori 1969-03: 31 rows
Aomori 1970-02: 28 rows
Aomori 1970-03: 31 rows
Aomori 1971-02: 28 rows
Aomori 1971-03: 31 rows
Aomori 1972-02: 29 rows
Aomori 1972-03: 31 rows
Aomori 1973-02: 28 rows
Aomori 1973-03: 31 rows
Aomori 1974-02: 28 rows
Aomori 1974-03: 31 rows
Aomori 1975-02: 28 rows
Aomori 1975-03: 31 rows
Aomori 1976-02: 29 rows
Aomori 1976-03: 31 rows
Aomori 1977-02: 28 rows
Aomori 1977-03: 31 rows
Aomori 1978-02: 28 rows
Aomori 1978-03: 31 rows
Aomori 1979-02: 28 rows
Aomori 1979-03: 31 rows
Aomori 1980-02: 29 rows
Aomori 1980-03: 31 rows
Aomori 1981-02: 28 rows
Aomori 1981-03: 31 rows
Aomori 1982-02: 28 rows
Aomori 1982-03: 31 rows
Aomori 1983-02: 28 rows
Aomori 1983-03: 31 rows
Aomori 1984-02: 29 rows
Aomori 1984-03: 31 rows
Aomori 1985-02: 28 rows
Aomori 1985-03: 31 rows
Aomori 1986-02: 28 rows
Aomori 1986-03: 31 rows
Aomori 1987-02: 28 rows
Aomori 1987-03: 31 rows
Aomori 1988-02: 29 rows
Aomori 1988-03: 31 rows
Aomori 1989-02: 28 rows
Aomori 1989-03: 31 rows
Aomori 1990-02: 28 rows
Aomori 1990-03: 31 rows
Aomori 1991-02: 28 rows
Aomori 1991-03: 31 rows
Aomori 1992-02: 29 rows
Aomori 1992-03: 31 rows
Aomori 1993-02: 28 rows
Aomori 1993-03: 31 rows
Aomori 1994-02: 28 rows
Aomori 1994-03: 31 rows
Aomori 1995-02: 28 rows
Aomori 1995-03: 31 rows
Aomori 1996-02: 29 rows
Aomori 1996-03: 31 rows
Aomori 1997-02: 28 rows
Aomori 1997-03: 31 rows
Aomori 1998-02: 28 rows
Aomori 1998-03: 31 rows
Aomori 1999-02: 28 rows
Aomori 1999-03: 31 rows
Aomori 2000-02: 29 rows
Aomori 2000-03: 31 rows
Aomori 2001-02: 28 rows
Aomori 2001-03: 31 rows
Aomori 2002-02: 28 rows
Aomori 2002-03: 31 rows
Aomori 2003-02: 28 rows
Aomori 2003-03: 31 rows
Aomori 2004-02: 29 rows
Aomori 2004-03: 31 rows
Aomori 2005-02: 28 rows
Aomori 2005-03: 31 rows
Aomori 2006-02: 28 rows
Aomori 2006-03: 31 rows
Aomori 2007-02: 28 rows
Aomori 2007-03: 31 rows
Aomori 2008-02: 29 rows
Aomori 2008-03: 31 rows
Aomori 2009-02: 28 rows
Aomori 2009-03: 31 rows
Aomori 2010-02: 28 rows
Aomori 2010-03: 31 rows
Aomori 2011-02: 28 rows
Aomori 2011-03: 31 rows
Aomori 2012-02: 28 rows
Aomori 2012-03: 31 rows
Aomori 2013-02: 28 rows
Aomori 2013-03: 31 rows
Aomori 2014-02: 28 rows
Aomori 2014-03: 31 rows
Aomori 2015-02: 28 rows
Aomori 2015-03: 31 rows
Aomori 2016-02: 29 rows
Aomori 2016-03: 31 rows
Aomori 2017-02: 28 rows
Aomori 2017-03: 31 rows
Aomori 2018-02: 28 rows
Aomori 2018-03: 31 rows
Aomori 2019-02: 28 rows
Aomori 2019-03: 31 rows
Aomori 2020-02: 29 rows
Aomori 2020-03: 31 rows
Aomori 2021-02: 28 rows
Aomori 2021-03: 31 rows
Aomori 2022-02: 28 rows
Aomori 2022-03: 30 rows
Aomori 2023-02: 28 rows
Aomori 2023-03: 29 rows
Aomori 2024-02: 29 rows
Aomori 2024-03: 31 rows
Akita 1953-02: 28 rows
Akita 1953-03: 31 rows
Akita 1954-02: 28 rows
Akita 1954-03: 31 rows
Akita 1955-02: 28 rows
Akita 1955-03: 31 rows
Akita 1956-02: 29 rows
Akita 1956-03: 31 rows
Akita 1957-02: 28 rows
Akita 1957-03: 31 rows
Akita 1958-02: 28 rows
Akita 1958-03: 31 rows
Akita 1959-02: 28 rows
Akita 1959-03: 31 rows
Akita 1960-02: 29 rows
Akita 1960-03: 31 rows
Akita 1961-02: 28 rows
Akita 1961-03: 31 rows
Akita 1962-02: 28 rows
Akita 1962-03: 31 rows
Akita 1963-02: 28 rows
Akita 1963-03: 31 rows
Akita 1964-02: 29 rows
Akita 1964-03: 31 rows
Akita 1965-02: 28 rows
Akita 1965-03: 31 rows
Akita 1966-02: 28 rows
Akita 1966-03: 31 rows
Akita 1967-02: 28 rows
Akita 1967-03: 31 rows
Akita 1968-02: 29 rows
Akita 1968-03: 31 rows
Akita 1969-02: 28 rows
Akita 1969-03: 31 rows
Akita 1970-02: 28 rows
Akita 1970-03: 31 rows
Akita 1971-02: 28 rows
Akita 1971-03: 31 rows
Akita 1972-02: 29 rows
Akita 1972-03: 31 rows
Akita 1973-02: 28 rows
Akita 1973-03: 31 rows
Akita 1974-02: 28 rows
Akita 1974-03: 31 rows
Akita 1975-02: 28 rows
Akita 1975-03: 31 rows
Akita 1976-02: 29 rows
Akita 1976-03: 31 rows
Akita 1977-02: 28 rows
Akita 1977-03: 31 rows
Akita 1978-02: 28 rows
Akita 1978-03: 31 rows
Akita 1979-02: 28 rows
Akita 1979-03: 31 rows
Akita 1980-02: 29 rows
Akita 1980-03: 31 rows
Akita 1981-02: 28 rows
Akita 1981-03: 31 rows
Akita 1982-02: 28 rows
Akita 1982-03: 31 rows
Akita 1983-02: 28 rows
Akita 1983-03: 31 rows
Akita 1984-02: 29 rows
Akita 1984-03: 31 rows
Akita 1985-02: 28 rows
Akita 1985-03: 31 rows
Akita 1986-02: 28 rows
Akita 1986-03: 31 rows
Akita 1987-02: 28 rows
Akita 1987-03: 31 rows
Akita 1988-02: 29 rows
Akita 1988-03: 31 rows
Akita 1989-02: 28 rows
Akita 1989-03: 31 rows
Akita 1990-02: 28 rows
Akita 1990-03: 31 rows
Akita 1991-02: 28 rows
Akita 1991-03: 31 rows
Akita 1992-02: 29 rows
Akita 1992-03: 31 rows
Akita 1993-02: 28 rows
Akita 1993-03: 31 rows
Akita 1994-02: 28 rows
Akita 1994-03: 31 rows
Akita 1995-02: 28 rows
Akita 1995-03: 31 rows
Akita 1996-02: 29 rows
Akita 1996-03: 31 rows
Akita 1997-02: 28 rows
Akita 1997-03: 31 rows
Akita 1998-02: 27 rows
Akita 1998-03: 31 rows
Akita 1999-02: 28 rows
Akita 1999-03: 31 rows
Akita 2000-02: 29 rows
Akita 2000-03: 31 rows
Akita 2001-02: 28 rows
Akita 2001-03: 31 rows
Akita 2002-02: 28 rows
Akita 2002-03: 31 rows
Akita 2003-02: 28 rows
Akita 2003-03: 31 rows
Akita 2004-02: 29 rows
Akita 2004-03: 31 rows
Akita 2005-02: 28 rows
Akita 2005-03: 31 rows
Akita 2006-02: 28 rows
Akita 2006-03: 31 rows
Akita 2007-02: 28 rows
Akita 2007-03: 31 rows
Akita 2008-02: 29 rows
Akita 2008-03: 31 rows
Akita 2009-02: 28 rows
Akita 2009-03: 31 rows
Akita 2010-02: 28 rows
Akita 2010-03: 31 rows
Akita 2011-02: 28 rows
Akita 2011-03: 31 rows
Akita 2012-02: 29 rows
Akita 2012-03: 31 rows
Akita 2013-02: 28 rows
Akita 2013-03: 31 rows
Akita 2014-02: 28 rows
Akita 2014-03: 31 rows
Akita 2015-02: 28 rows
Akita 2015-03: 31 rows
Akita 2016-02: 29 rows
Akita 2016-03: 31 rows
Akita 2017-02: 28 rows
Akita 2017-03: 31 rows
Akita 2018-02: 28 rows
Akita 2018-03: 31 rows
Akita 2019-02: 27 rows
Akita 2019-03: 31 rows
Akita 2020-02: 29 rows
Akita 2020-03: 31 rows
Akita 2021-02: 28 rows
Akita 2021-03: 30 rows
Akita 2022-02: 28 rows
Akita 2022-03: 30 rows
Akita 2023-02: 28 rows
Akita 2023-03: 31 rows
Akita 2024-02: 29 rows
Akita 2024-03: 31 rows
Yamagata 1953-02: 28 rows
Yamagata 1953-03: 31 rows
Yamagata 1954-02: 28 rows
Yamagata 1954-03: 31 rows
Yamagata 1955-02: 28 rows
Yamagata 1955-03: 31 rows
Yamagata 1956-02: 29 rows
Yamagata 1956-03: 31 rows
Yamagata 1957-02: 28 rows
Yamagata 1957-03: 31 rows
Yamagata 1958-02: 28 rows
Yamagata 1958-03: 31 rows
Yamagata 1959-02: 28 rows
Yamagata 1959-03: 31 rows
Yamagata 1960-02: 29 rows
Yamagata 1960-03: 31 rows
Yamagata 1961-02: 28 rows
Yamagata 1961-03: 31 rows
Yamagata 1962-02: 28 rows
Yamagata 1962-03: 31 rows
Yamagata 1963-02: 28 rows
Yamagata 1963-03: 31 rows
Yamagata 1964-02: 29 rows
Yamagata 1964-03: 31 rows
Yamagata 1965-02: 28 rows
Yamagata 1965-03: 31 rows
Yamagata 1966-02: 28 rows
Yamagata 1966-03: 31 rows
Yamagata 1967-02: 28 rows
Yamagata 1967-03: 31 rows
Yamagata 1968-02: 29 rows
Yamagata 1968-03: 31 rows
Yamagata 1969-02: 28 rows
Yamagata 1969-03: 31 rows
Yamagata 1970-02: 28 rows
Yamagata 1970-03: 31 rows
Yamagata 1971-02: 28 rows
Yamagata 1971-03: 31 rows
Yamagata 1972-02: 29 rows
Yamagata 1972-03: 31 rows
Yamagata 1973-02: 28 rows
Yamagata 1973-03: 31 rows
Yamagata 1974-02: 28 rows
Yamagata 1974-03: 31 rows
Yamagata 1975-02: 28 rows
Yamagata 1975-03: 31 rows
Yamagata 1976-02: 29 rows
Yamagata 1976-03: 31 rows
Yamagata 1977-02: 28 rows
Yamagata 1977-03: 31 rows
Yamagata 1978-02: 28 rows
Yamagata 1978-03: 31 rows
Yamagata 1979-02: 28 rows
Yamagata 1979-03: 31 rows
Yamagata 1980-02: 29 rows
Yamagata 1980-03: 31 rows
Yamagata 1981-02: 28 rows
Yamagata 1981-03: 31 rows
Yamagata 1982-02: 28 rows
Yamagata 1982-03: 31 rows
Yamagata 1983-02: 28 rows
Yamagata 1983-03: 31 rows
Yamagata 1984-02: 29 rows
Yamagata 1984-03: 31 rows
Yamagata 1985-02: 28 rows
Yamagata 1985-03: 31 rows
Yamagata 1986-02: 28 rows
Yamagata 1986-03: 31 rows
Yamagata 1987-02: 28 rows
Yamagata 1987-03: 31 rows
Yamagata 1988-02: 29 rows
Yamagata 1988-03: 31 rows
Yamagata 1989-02: 28 rows
Yamagata 1989-03: 31 rows
Yamagata 1990-02: 28 rows
Yamagata 1990-03: 31 rows
Yamagata 1991-02: 28 rows
Yamagata 1991-03: 31 rows
Yamagata 1992-02: 29 rows
Yamagata 1992-03: 31 rows
Yamagata 1993-02: 28 rows
Yamagata 1993-03: 31 rows
Yamagata 1994-02: 28 rows
Yamagata 1994-03: 31 rows
Yamagata 1995-02: 28 rows
Yamagata 1995-03: 31 rows
Yamagata 1996-02: 29 rows
Yamagata 1996-03: 31 rows
Yamagata 1997-02: 28 rows
Yamagata 1997-03: 31 rows
Yamagata 1998-02: 28 rows
Yamagata 1998-03: 31 rows
Yamagata 1999-02: 28 rows
Yamagata 1999-03: 31 rows
Yamagata 2000-02: 29 rows
Yamagata 2000-03: 31 rows
Yamagata 2001-02: 28 rows
Yamagata 2001-03: 31 rows
Yamagata 2002-02: 28 rows
Yamagata 2002-03: 31 rows
Yamagata 2003-02: 28 rows
Yamagata 2003-03: 31 rows
Yamagata 2004-02: 29 rows
Yamagata 2004-03: 31 rows
Yamagata 2005-02: 28 rows
Yamagata 2005-03: 31 rows
Yamagata 2006-02: 28 rows
Yamagata 2006-03: 31 rows
Yamagata 2007-02: 28 rows
Yamagata 2007-03: 31 rows
Yamagata 2008-02: 29 rows
Yamagata 2008-03: 31 rows
Yamagata 2009-02: 28 rows
Yamagata 2009-03: 28 rows
Yamagata 2010-02: 28 rows
Yamagata 2010-03: 31 rows
Yamagata 2011-02: 28 rows
Yamagata 2011-03: 31 rows
Yamagata 2012-02: 29 rows
Yamagata 2012-03: 31 rows
Yamagata 2013-02: 28 rows
Yamagata 2013-03: 31 rows
Yamagata 2014-02: 28 rows
Yamagata 2014-03: 31 rows
Yamagata 2015-02: 28 rows
Yamagata 2015-03: 31 rows
Yamagata 2016-02: 29 rows
Yamagata 2016-03: 31 rows
Yamagata 2017-02: 28 rows
Yamagata 2017-03: 31 rows
Yamagata 2018-02: 28 rows
Yamagata 2018-03: 31 rows
Yamagata 2019-02: 28 rows
Yamagata 2019-03: 31 rows
Yamagata 2020-02: 29 rows
Yamagata 2020-03: 31 rows
Yamagata 2021-02: 28 rows
Yamagata 2021-03: 31 rows
Yamagata 2022-02: 28 rows
Yamagata 2022-03: 31 rows
Yamagata 2023-02: 28 rows
Yamagata 2023-03: 31 rows
Yamagata 2024-02: 29 rows
Yamagata 2024-03: 30 rows
Nagano 1953-02: 28 rows
Nagano 1953-03: 31 rows
Nagano 1954-02: 28 rows
Nagano 1954-03: 31 rows
Nagano 1955-02: 28 rows
Nagano 1955-03: 31 rows
Nagano 1956-02: 29 rows
Nagano 1956-03: 31 rows
Nagano 1957-02: 28 rows
Nagano 1957-03: 31 rows
Nagano 1958-02: 28 rows
Nagano 1958-03: 31 rows
Nagano 1959-02: 28 rows
Nagano 1959-03: 31 rows
Nagano 1960-02: 29 rows
Nagano 1960-03: 31 rows
Nagano 1961-02: 28 rows
Nagano 1961-03: 31 rows
Nagano 1962-02: 28 rows
Nagano 1962-03: 31 rows
Nagano 1963-02: 28 rows
Nagano 1963-03: 31 rows
Nagano 1964-02: 29 rows
Nagano 1964-03: 31 rows
Nagano 1965-02: 28 rows
Nagano 1965-03: 31 rows
Nagano 1966-02: 28 rows
Nagano 1966-03: 31 rows
Nagano 1967-02: 28 rows
Nagano 1967-03: 31 rows
Nagano 1968-02: 29 rows
Nagano 1968-03: 31 rows
Nagano 1969-02: 28 rows
Nagano 1969-03: 31 rows
Nagano 1970-02: 28 rows
Nagano 1970-03: 31 rows
Nagano 1971-02: 28 rows
Nagano 1971-03: 31 rows
Nagano 1972-02: 29 rows
Nagano 1972-03: 31 rows
Nagano 1973-02: 28 rows
Nagano 1973-03: 31 rows
Nagano 1974-02: 28 rows
Nagano 1974-03: 31 rows
Nagano 1975-02: 28 rows
Nagano 1975-03: 31 rows
Nagano 1976-02: 29 rows
Nagano 1976-03: 31 rows
Nagano 1977-02: 28 rows
Nagano 1977-03: 31 rows
Nagano 1978-02: 28 rows
Nagano 1978-03: 31 rows
Nagano 1979-02: 28 rows
Nagano 1979-03: 31 rows
Nagano 1980-02: 29 rows
Nagano 1980-03: 31 rows
Nagano 1981-02: 28 rows
Nagano 1981-03: 31 rows
Nagano 1982-02: 28 rows
Nagano 1982-03: 31 rows
Nagano 1983-02: 28 rows
Nagano 1983-03: 31 rows
Nagano 1984-02: 29 rows
Nagano 1984-03: 31 rows
Nagano 1985-02: 28 rows
Nagano 1985-03: 31 rows
Nagano 1986-02: 28 rows
Nagano 1986-03: 31 rows
Nagano 1987-02: 28 rows
Nagano 1987-03: 31 rows
Nagano 1988-02: 29 rows
Nagano 1988-03: 31 rows
Nagano 1989-02: 28 rows
Nagano 1989-03: 31 rows
Nagano 1990-02: 28 rows
Nagano 1990-03: 31 rows
Nagano 1991-02: 28 rows
Nagano 1991-03: 31 rows
Nagano 1992-02: 29 rows
Nagano 1992-03: 31 rows
Nagano 1993-02: 28 rows
Nagano 1993-03: 31 rows
Nagano 1994-02: 28 rows
Nagano 1994-03: 31 rows
Nagano 1995-02: 28 rows
Nagano 1995-03: 31 rows
Nagano 1996-02: 29 rows
Nagano 1996-03: 31 rows
Nagano 1997-02: 28 rows
Nagano 1997-03: 31 rows
Nagano 1998-02: 28 rows
Nagano 1998-03: 31 rows
Nagano 1999-02: 28 rows
Nagano 1999-03: 31 rows
Nagano 2000-02: 29 rows
Nagano 2000-03: 31 rows
Nagano 2001-02: 28 rows
Nagano 2001-03: 31 rows
Nagano 2002-02: 28 rows
Nagano 2002-03: 31 rows
Nagano 2003-02: 28 rows
Nagano 2003-03: 31 rows
Nagano 2004-02: 29 rows
Nagano 2004-03: 31 rows
Nagano 2005-02: 28 rows
Nagano 2005-03: 31 rows
Nagano 2006-02: 28 rows
Nagano 2006-03: 31 rows
Nagano 2007-02: 28 rows
Nagano 2007-03: 31 rows
Nagano 2008-02: 29 rows
Nagano 2008-03: 31 rows
Nagano 2009-02: 28 rows
Nagano 2009-03: 31 rows
Nagano 2010-02: 28 rows
Nagano 2010-03: 31 rows
Nagano 2011-02: 28 rows
Nagano 2011-03: 30 rows
Nagano 2012-02: 29 rows
Nagano 2012-03: 31 rows
Nagano 2013-02: 28 rows
Nagano 2013-03: 31 rows
Nagano 2014-02: 28 rows
Nagano 2014-03: 31 rows
Nagano 2015-02: 28 rows
Nagano 2015-03: 31 rows
Nagano 2016-02: 29 rows
Nagano 2016-03: 31 rows
Nagano 2017-02: 28 rows
Nagano 2017-03: 31 rows
Nagano 2018-02: 28 rows
Nagano 2018-03: 31 rows
Nagano 2019-02: 28 rows
Nagano 2019-03: 31 rows
Nagano 2020-02: 29 rows
Nagano 2020-03: 31 rows
Nagano 2021-02: 28 rows
Nagano 2021-03: 31 rows
Nagano 2022-02: 28 rows
Nagano 2022-03: 31 rows
Nagano 2023-02: 28 rows
Nagano 2023-03: 31 rows
Nagano 2024-02: 29 rows
Nagano 2024-03: 31 rows
Fukui 1953-02: 28 rows
Fukui 1953-03: 31 rows
Fukui 1954-02: 28 rows
Fukui 1954-03: 31 rows
Fukui 1955-02: 28 rows
Fukui 1955-03: 31 rows
Fukui 1956-02: 29 rows
Fukui 1956-03: 31 rows
Fukui 1957-02: 28 rows
Fukui 1957-03: 31 rows
Fukui 1958-02: 28 rows
Fukui 1958-03: 31 rows
Fukui 1959-02: 28 rows
Fukui 1959-03: 31 rows
Fukui 1960-02: 29 rows
Fukui 1960-03: 31 rows
Fukui 1961-02: 28 rows
Fukui 1961-03: 31 rows
Fukui 1962-02: 28 rows
Fukui 1962-03: 31 rows
Fukui 1963-02: 28 rows
Fukui 1963-03: 31 rows
Fukui 1964-02: 29 rows
Fukui 1964-03: 31 rows
Fukui 1965-02: 28 rows
Fukui 1965-03: 31 rows
Fukui 1966-02: 28 rows
Fukui 1966-03: 31 rows
Fukui 1967-02: 28 rows
Fukui 1967-03: 31 rows
Fukui 1968-02: 29 rows
Fukui 1968-03: 31 rows
Fukui 1969-02: 28 rows
Fukui 1969-03: 31 rows
Fukui 1970-02: 28 rows
Fukui 1970-03: 31 rows
Fukui 1971-02: 28 rows
Fukui 1971-03: 31 rows
Fukui 1972-02: 29 rows
Fukui 1972-03: 31 rows
Fukui 1973-02: 28 rows
Fukui 1973-03: 31 rows
Fukui 1974-02: 28 rows
Fukui 1974-03: 31 rows
Fukui 1975-02: 28 rows
Fukui 1975-03: 31 rows
Fukui 1976-02: 29 rows
Fukui 1976-03: 31 rows
Fukui 1977-02: 28 rows
Fukui 1977-03: 31 rows
Fukui 1978-02: 28 rows
Fukui 1978-03: 31 rows
Fukui 1979-02: 28 rows
Fukui 1979-03: 31 rows
Fukui 1980-02: 29 rows
Fukui 1980-03: 31 rows
Fukui 1981-02: 28 rows
Fukui 1981-03: 31 rows
Fukui 1982-02: 28 rows
Fukui 1982-03: 31 rows
Fukui 1983-02: 28 rows
Fukui 1983-03: 31 rows
Fukui 1984-02: 29 rows
Fukui 1984-03: 31 rows
Fukui 1985-02: 28 rows
Fukui 1985-03: 31 rows
Fukui 1986-02: 28 rows
Fukui 1986-03: 31 rows
Fukui 1987-02: 28 rows
Fukui 1987-03: 31 rows
Fukui 1988-02: 29 rows
Fukui 1988-03: 31 rows
Fukui 1989-02: 28 rows
Fukui 1989-03: 31 rows
Fukui 1990-02: 28 rows
Fukui 1990-03: 31 rows
Fukui 1991-02: 28 rows
Fukui 1991-03: 31 rows
Fukui 1992-02: 29 rows
Fukui 1992-03: 31 rows
Fukui 1993-02: 28 rows
Fukui 1993-03: 31 rows
Fukui 1994-02: 28 rows
Fukui 1994-03: 31 rows
Fukui 1995-02: 28 rows
Fukui 1995-03: 31 rows
Fukui 1996-02: 29 rows
Fukui 1996-03: 30 rows
Fukui 1997-02: 28 rows
Fukui 1997-03: 31 rows
Fukui 1998-02: 28 rows
Fukui 1998-03: 30 rows
Fukui 1999-02: 28 rows
Fukui 1999-03: 31 rows
Fukui 2000-02: 29 rows
Fukui 2000-03: 31 rows
Fukui 2001-02: 28 rows
Fukui 2001-03: 31 rows
Fukui 2002-02: 28 rows
Fukui 2002-03: 31 rows
Fukui 2003-02: 28 rows
Fukui 2003-03: 31 rows
Fukui 2004-02: 29 rows
Fukui 2004-03: 31 rows
Fukui 2005-02: 28 rows
Fukui 2005-03: 31 rows
Fukui 2006-02: 28 rows
Fukui 2006-03: 31 rows
Fukui 2007-02: 28 rows
Fukui 2007-03: 31 rows
Fukui 2008-02: 29 rows
Fukui 2008-03: 31 rows
Fukui 2009-02: 28 rows
Fukui 2009-03: 31 rows
Fukui 2010-02: 28 rows
Fukui 2010-03: 31 rows
Fukui 2011-02: 28 rows
Fukui 2011-03: 31 rows
Fukui 2012-02: 29 rows
Fukui 2012-03: 31 rows
Fukui 2013-02: 28 rows
Fukui 2013-03: 31 rows
Fukui 2014-02: 28 rows
Fukui 2014-03: 31 rows
Fukui 2015-02: 28 rows
Fukui 2015-03: 31 rows
Fukui 2016-02: 29 rows
Fukui 2016-03: 31 rows
Fukui 2017-02: 28 rows
Fukui 2017-03: 31 rows
Fukui 2018-02: 28 rows
Fukui 2018-03: 31 rows
Fukui 2019-02: 28 rows
Fukui 2019-03: 31 rows
Fukui 2020-02: 29 rows
Fukui 2020-03: 31 rows
Fukui 2021-02: 28 rows
Fukui 2021-03: 31 rows
Fukui 2022-02: 28 rows
Fukui 2022-03: 31 rows
Fukui 2023-02: 28 rows
Fukui 2023-03: 31 rows
Fukui 2024-02: 29 rows
Fukui 2024-03: 31 rows
Kyoto 1953-02: 28 rows
Kyoto 1953-03: 31 rows
Kyoto 1954-02: 28 rows
Kyoto 1954-03: 31 rows
Kyoto 1955-02: 28 rows
Kyoto 1955-03: 31 rows
Kyoto 1956-02: 29 rows
Kyoto 1956-03: 31 rows
Kyoto 1957-02: 28 rows
Kyoto 1957-03: 31 rows
Kyoto 1958-02: 28 rows
Kyoto 1958-03: 31 rows
Kyoto 1959-02: 28 rows
Kyoto 1959-03: 31 rows
Kyoto 1960-02: 29 rows
Kyoto 1960-03: 31 rows
Kyoto 1961-02: 28 rows
Kyoto 1961-03: 31 rows
Kyoto 1962-02: 28 rows
Kyoto 1962-03: 31 rows
Kyoto 1963-02: 28 rows
Kyoto 1963-03: 31 rows
Kyoto 1964-02: 29 rows
Kyoto 1964-03: 31 rows
Kyoto 1965-02: 28 rows
Kyoto 1965-03: 31 rows
Kyoto 1966-02: 28 rows
Kyoto 1966-03: 31 rows
Kyoto 1967-02: 28 rows
Kyoto 1967-03: 31 rows
Kyoto 1968-02: 29 rows
Kyoto 1968-03: 31 rows
Kyoto 1969-02: 28 rows
Kyoto 1969-03: 31 rows
Kyoto 1970-02: 28 rows
Kyoto 1970-03: 31 rows
Kyoto 1971-02: 28 rows
Kyoto 1971-03: 31 rows
Kyoto 1972-02: 29 rows
Kyoto 1972-03: 31 rows
Kyoto 1973-02: 28 rows
Kyoto 1973-03: 31 rows
Kyoto 1974-02: 28 rows
Kyoto 1974-03: 31 rows
Kyoto 1975-02: 28 rows
Kyoto 1975-03: 31 rows
Kyoto 1976-02: 29 rows
Kyoto 1976-03: 31 rows
Kyoto 1977-02: 28 rows
Kyoto 1977-03: 31 rows
Kyoto 1978-02: 28 rows
Kyoto 1978-03: 31 rows
Kyoto 1979-02: 28 rows
Kyoto 1979-03: 31 rows
Kyoto 1980-02: 29 rows
Kyoto 1980-03: 31 rows
Kyoto 1981-02: 28 rows
Kyoto 1981-03: 31 rows
Kyoto 1982-02: 28 rows
Kyoto 1982-03: 31 rows
Kyoto 1983-02: 28 rows
Kyoto 1983-03: 31 rows
Kyoto 1984-02: 29 rows
Kyoto 1984-03: 31 rows
Kyoto 1985-02: 28 rows
Kyoto 1985-03: 31 rows
Kyoto 1986-02: 28 rows
Kyoto 1986-03: 31 rows
Kyoto 1987-02: 28 rows
Kyoto 1987-03: 31 rows
Kyoto 1988-02: 29 rows
Kyoto 1988-03: 31 rows
Kyoto 1989-02: 28 rows
Kyoto 1989-03: 31 rows
Kyoto 1990-02: 28 rows
Kyoto 1990-03: 31 rows
Kyoto 1991-02: 28 rows
Kyoto 1991-03: 31 rows
Kyoto 1992-02: 29 rows
Kyoto 1992-03: 31 rows
Kyoto 1993-02: 28 rows
Kyoto 1993-03: 31 rows
Kyoto 1994-02: 28 rows
Kyoto 1994-03: 31 rows
Kyoto 1995-02: 28 rows
Kyoto 1995-03: 31 rows
Kyoto 1996-02: 29 rows
Kyoto 1996-03: 31 rows
Kyoto 1997-02: 28 rows
Kyoto 1997-03: 31 rows
Kyoto 1998-02: 28 rows
Kyoto 1998-03: 31 rows
Kyoto 1999-02: 28 rows
Kyoto 1999-03: 31 rows
Kyoto 2000-02: 29 rows
Kyoto 2000-03: 31 rows
Kyoto 2001-02: 28 rows
Kyoto 2001-03: 31 rows
Kyoto 2002-02: 28 rows
Kyoto 2002-03: 31 rows
Kyoto 2003-02: 28 rows
Kyoto 2003-03: 31 rows
Kyoto 2004-02: 29 rows
Kyoto 2004-03: 31 rows
Kyoto 2005-02: 28 rows
Kyoto 2005-03: 30 rows
Kyoto 2006-02: 28 rows
Kyoto 2006-03: 31 rows
Kyoto 2007-02: 28 rows
Kyoto 2007-03: 31 rows
Kyoto 2008-02: 29 rows
Kyoto 2008-03: 31 rows
Kyoto 2009-02: 28 rows
Kyoto 2009-03: 31 rows
Kyoto 2010-02: 28 rows
Kyoto 2010-03: 31 rows
Kyoto 2011-02: 28 rows
Kyoto 2011-03: 31 rows
Kyoto 2012-02: 29 rows
Kyoto 2012-03: 30 rows
Kyoto 2013-02: 28 rows
Kyoto 2013-03: 31 rows
Kyoto 2014-02: 28 rows
Kyoto 2014-03: 31 rows
Kyoto 2015-02: 28 rows
Kyoto 2015-03: 31 rows
Kyoto 2016-02: 29 rows
Kyoto 2016-03: 31 rows
Kyoto 2017-02: 28 rows
Kyoto 2017-03: 31 rows
Kyoto 2018-02: 28 rows
Kyoto 2018-03: 31 rows
Kyoto 2019-02: 28 rows
Kyoto 2019-03: 31 rows
Kyoto 2020-02: 29 rows
Kyoto 2020-03: 31 rows
Kyoto 2021-02: 28 rows
Kyoto 2021-03: 31 rows
Kyoto 2022-02: 28 rows
Kyoto 2022-03: 31 rows
Kyoto 2023-02: 28 rows
Kyoto 2023-03: 31 rows
Kyoto 2024-02: 29 rows
Kyoto 2024-03: 31 rows
Nara 1953-02: 0 rows
Nara 1953-03: 0 rows
Nara 1954-02: 28 rows
Nara 1954-03: 31 rows
Nara 1955-02: 28 rows
Nara 1955-03: 31 rows
Nara 1956-02: 29 rows
Nara 1956-03: 31 rows
Nara 1957-02: 28 rows
Nara 1957-03: 31 rows
Nara 1958-02: 28 rows
Nara 1958-03: 31 rows
Nara 1959-02: 28 rows
Nara 1959-03: 31 rows
Nara 1960-02: 29 rows
Nara 1960-03: 31 rows
Nara 1961-02: 28 rows
Nara 1961-03: 31 rows
Nara 1962-02: 28 rows
Nara 1962-03: 31 rows
Nara 1963-02: 28 rows
Nara 1963-03: 31 rows
Nara 1964-02: 29 rows
Nara 1964-03: 31 rows
Nara 1965-02: 28 rows
Nara 1965-03: 31 rows
Nara 1966-02: 28 rows
Nara 1966-03: 31 rows
Nara 1967-02: 28 rows
Nara 1967-03: 31 rows
Nara 1968-02: 29 rows
Nara 1968-03: 31 rows
Nara 1969-02: 28 rows
Nara 1969-03: 31 rows
Nara 1970-02: 28 rows
Nara 1970-03: 31 rows
Nara 1971-02: 28 rows
Nara 1971-03: 31 rows
Nara 1972-02: 29 rows
Nara 1972-03: 31 rows
Nara 1973-02: 28 rows
Nara 1973-03: 31 rows
Nara 1974-02: 28 rows
Nara 1974-03: 31 rows
Nara 1975-02: 28 rows
Nara 1975-03: 31 rows
Nara 1976-02: 29 rows
Nara 1976-03: 31 rows
Nara 1977-02: 28 rows
Nara 1977-03: 31 rows
Nara 1978-02: 28 rows
Nara 1978-03: 31 rows
Nara 1979-02: 28 rows
Nara 1979-03: 31 rows
Nara 1980-02: 29 rows
Nara 1980-03: 31 rows
Nara 1981-02: 28 rows
Nara 1981-03: 31 rows
Nara 1982-02: 28 rows
Nara 1982-03: 31 rows
Nara 1983-02: 28 rows
Nara 1983-03: 31 rows
Nara 1984-02: 29 rows
Nara 1984-03: 31 rows
Nara 1985-02: 28 rows
Nara 1985-03: 31 rows
Nara 1986-02: 28 rows
Nara 1986-03: 31 rows
Nara 1987-02: 28 rows
Nara 1987-03: 31 rows
Nara 1988-02: 29 rows
Nara 1988-03: 31 rows
Nara 1989-02: 28 rows
Nara 1989-03: 31 rows
Nara 1990-02: 28 rows
Nara 1990-03: 31 rows
Nara 1991-02: 28 rows
Nara 1991-03: 31 rows
Nara 1992-02: 29 rows
Nara 1992-03: 31 rows
Nara 1993-02: 28 rows
Nara 1993-03: 31 rows
Nara 1994-02: 28 rows
Nara 1994-03: 31 rows
Nara 1995-02: 28 rows
Nara 1995-03: 31 rows
Nara 1996-02: 29 rows
Nara 1996-03: 31 rows
Nara 1997-02: 28 rows
Nara 1997-03: 31 rows
Nara 1998-02: 28 rows
Nara 1998-03: 31 rows
Nara 1999-02: 28 rows
Nara 1999-03: 31 rows
Nara 2000-02: 29 rows
Nara 2000-03: 31 rows
Nara 2001-02: 28 rows
Nara 2001-03: 31 rows
Nara 2002-02: 28 rows
Nara 2002-03: 31 rows
Nara 2003-02: 28 rows
Nara 2003-03: 31 rows
Nara 2004-02: 29 rows
Nara 2004-03: 31 rows
Nara 2005-02: 28 rows
Nara 2005-03: 31 rows
Nara 2006-02: 28 rows
Nara 2006-03: 31 rows
Nara 2007-02: 28 rows
Nara 2007-03: 31 rows
Nara 2008-02: 29 rows
Nara 2008-03: 31 rows
Nara 2009-02: 28 rows
Nara 2009-03: 31 rows
Nara 2010-02: 28 rows
Nara 2010-03: 31 rows
Nara 2011-02: 28 rows
Nara 2011-03: 31 rows
Nara 2012-02: 29 rows
Nara 2012-03: 31 rows
Nara 2013-02: 28 rows
Nara 2013-03: 31 rows
Nara 2014-02: 28 rows
Nara 2014-03: 31 rows
Nara 2015-02: 28 rows
Nara 2015-03: 31 rows
Nara 2016-02: 29 rows
Nara 2016-03: 31 rows
Nara 2017-02: 28 rows
Nara 2017-03: 29 rows
Nara 2018-02: 28 rows
Nara 2018-03: 31 rows
Nara 2019-02: 28 rows
Nara 2019-03: 31 rows
Nara 2020-02: 29 rows
Nara 2020-03: 31 rows
Nara 2021-02: 28 rows
Nara 2021-03: 31 rows
Nara 2022-02: 28 rows
Nara 2022-03: 31 rows
Nara 2023-02: 28 rows
Nara 2023-03: 31 rows
Nara 2024-02: 29 rows
Nara 2024-03: 31 rows
Osaka 1953-02: 28 rows
Osaka 1953-03: 31 rows
Osaka 1954-02: 28 rows
Osaka 1954-03: 31 rows
Osaka 1955-02: 28 rows
Osaka 1955-03: 31 rows
Osaka 1956-02: 29 rows
Osaka 1956-03: 31 rows
Osaka 1957-02: 28 rows
Osaka 1957-03: 31 rows
Osaka 1958-02: 28 rows
Osaka 1958-03: 31 rows
Osaka 1959-02: 28 rows
Osaka 1959-03: 31 rows
Osaka 1960-02: 29 rows
Osaka 1960-03: 31 rows
Osaka 1961-02: 28 rows
Osaka 1961-03: 31 rows
Osaka 1962-02: 28 rows
Osaka 1962-03: 31 rows
Osaka 1963-02: 28 rows
Osaka 1963-03: 31 rows
Osaka 1964-02: 29 rows
Osaka 1964-03: 31 rows
Osaka 1965-02: 28 rows
Osaka 1965-03: 31 rows
Osaka 1966-02: 28 rows
Osaka 1966-03: 31 rows
Osaka 1967-02: 28 rows
Osaka 1967-03: 31 rows
Osaka 1968-02: 29 rows
Osaka 1968-03: 31 rows
Osaka 1969-02: 28 rows
Osaka 1969-03: 31 rows
Osaka 1970-02: 28 rows
Osaka 1970-03: 31 rows
Osaka 1971-02: 28 rows
Osaka 1971-03: 31 rows
Osaka 1972-02: 29 rows
Osaka 1972-03: 31 rows
Osaka 1973-02: 28 rows
Osaka 1973-03: 31 rows
Osaka 1974-02: 28 rows
Osaka 1974-03: 31 rows
Osaka 1975-02: 28 rows
Osaka 1975-03: 31 rows
Osaka 1976-02: 29 rows
Osaka 1976-03: 31 rows
Osaka 1977-02: 28 rows
Osaka 1977-03: 31 rows
Osaka 1978-02: 28 rows
Osaka 1978-03: 31 rows
Osaka 1979-02: 28 rows
Osaka 1979-03: 31 rows
Osaka 1980-02: 29 rows
Osaka 1980-03: 31 rows
Osaka 1981-02: 28 rows
Osaka 1981-03: 31 rows
Osaka 1982-02: 28 rows
Osaka 1982-03: 31 rows
Osaka 1983-02: 28 rows
Osaka 1983-03: 31 rows
Osaka 1984-02: 29 rows
Osaka 1984-03: 31 rows
Osaka 1985-02: 28 rows
Osaka 1985-03: 31 rows
Osaka 1986-02: 28 rows
Osaka 1986-03: 31 rows
Osaka 1987-02: 28 rows
Osaka 1987-03: 31 rows
Osaka 1988-02: 29 rows
Osaka 1988-03: 31 rows
Osaka 1989-02: 28 rows
Osaka 1989-03: 31 rows
Osaka 1990-02: 28 rows
Osaka 1990-03: 31 rows
Osaka 1991-02: 28 rows
Osaka 1991-03: 31 rows
Osaka 1992-02: 29 rows
Osaka 1992-03: 31 rows
Osaka 1993-02: 28 rows
Osaka 1993-03: 31 rows
Osaka 1994-02: 28 rows
Osaka 1994-03: 31 rows
Osaka 1995-02: 28 rows
Osaka 1995-03: 31 rows
Osaka 1996-02: 29 rows
Osaka 1996-03: 31 rows
Osaka 1997-02: 28 rows
Osaka 1997-03: 31 rows
Osaka 1998-02: 28 rows
Osaka 1998-03: 31 rows
Osaka 1999-02: 28 rows
Osaka 1999-03: 31 rows
Osaka 2000-02: 29 rows
Osaka 2000-03: 31 rows
Osaka 2001-02: 28 rows
Osaka 2001-03: 31 rows
Osaka 2002-02: 28 rows
Osaka 2002-03: 31 rows
Osaka 2003-02: 28 rows
Osaka 2003-03: 31 rows
Osaka 2004-02: 29 rows
Osaka 2004-03: 31 rows
Osaka 2005-02: 28 rows
Osaka 2005-03: 31 rows
Osaka 2006-02: 28 rows
Osaka 2006-03: 31 rows
Osaka 2007-02: 28 rows
Osaka 2007-03: 31 rows
Osaka 2008-02: 29 rows
Osaka 2008-03: 31 rows
Osaka 2009-02: 28 rows
Osaka 2009-03: 31 rows
Osaka 2010-02: 28 rows
Osaka 2010-03: 31 rows
Osaka 2011-02: 28 rows
Osaka 2011-03: 30 rows
Osaka 2012-02: 29 rows
Osaka 2012-03: 31 rows
Osaka 2013-02: 28 rows
Osaka 2013-03: 31 rows
Osaka 2014-02: 28 rows
Osaka 2014-03: 31 rows
Osaka 2015-02: 28 rows
Osaka 2015-03: 31 rows
Osaka 2016-02: 29 rows
Osaka 2016-03: 31 rows
Osaka 2017-02: 28 rows
Osaka 2017-03: 31 rows
Osaka 2018-02: 28 rows
Osaka 2018-03: 31 rows
Osaka 2019-02: 28 rows
Osaka 2019-03: 31 rows
Osaka 2020-02: 29 rows
Osaka 2020-03: 31 rows
Osaka 2021-02: 28 rows
Osaka 2021-03: 31 rows
Osaka 2022-02: 28 rows
Osaka 2022-03: 31 rows
Osaka 2023-02: 28 rows
Osaka 2023-03: 31 rows
Osaka 2024-02: 29 rows
Osaka 2024-03: 31 rows
Kobe 1953-02: 28 rows
Kobe 1953-03: 31 rows
Kobe 1954-02: 28 rows
Kobe 1954-03: 31 rows
Kobe 1955-02: 28 rows
Kobe 1955-03: 31 rows
Kobe 1956-02: 29 rows
Kobe 1956-03: 31 rows
Kobe 1957-02: 28 rows
Kobe 1957-03: 31 rows
Kobe 1958-02: 28 rows
Kobe 1958-03: 31 rows
Kobe 1959-02: 28 rows
Kobe 1959-03: 31 rows
Kobe 1960-02: 29 rows
Kobe 1960-03: 31 rows
Kobe 1961-02: 28 rows
Kobe 1961-03: 31 rows
Kobe 1962-02: 28 rows
Kobe 1962-03: 31 rows
Kobe 1963-02: 28 rows
Kobe 1963-03: 31 rows
Kobe 1964-02: 29 rows
Kobe 1964-03: 31 rows
Kobe 1965-02: 27 rows
Kobe 1965-03: 31 rows
Kobe 1966-02: 28 rows
Kobe 1966-03: 31 rows
Kobe 1967-02: 28 rows
Kobe 1967-03: 31 rows
Kobe 1968-02: 29 rows
Kobe 1968-03: 31 rows
Kobe 1969-02: 28 rows
Kobe 1969-03: 31 rows
Kobe 1970-02: 28 rows
Kobe 1970-03: 31 rows
Kobe 1971-02: 28 rows
Kobe 1971-03: 31 rows
Kobe 1972-02: 29 rows
Kobe 1972-03: 31 rows
Kobe 1973-02: 28 rows
Kobe 1973-03: 31 rows
Kobe 1974-02: 28 rows
Kobe 1974-03: 31 rows
Kobe 1975-02: 28 rows
Kobe 1975-03: 31 rows
Kobe 1976-02: 29 rows
Kobe 1976-03: 31 rows
Kobe 1977-02: 28 rows
Kobe 1977-03: 31 rows
Kobe 1978-02: 28 rows
Kobe 1978-03: 31 rows
Kobe 1979-02: 28 rows
Kobe 1979-03: 31 rows
Kobe 1980-02: 29 rows
Kobe 1980-03: 31 rows
Kobe 1981-02: 28 rows
Kobe 1981-03: 31 rows
Kobe 1982-02: 28 rows
Kobe 1982-03: 31 rows
Kobe 1983-02: 28 rows
Kobe 1983-03: 31 rows
Kobe 1984-02: 29 rows
Kobe 1984-03: 31 rows
Kobe 1985-02: 28 rows
Kobe 1985-03: 31 rows
Kobe 1986-02: 28 rows
Kobe 1986-03: 31 rows
Kobe 1987-02: 28 rows
Kobe 1987-03: 31 rows
Kobe 1988-02: 29 rows
Kobe 1988-03: 31 rows
Kobe 1989-02: 28 rows
Kobe 1989-03: 31 rows
Kobe 1990-02: 28 rows
Kobe 1990-03: 31 rows
Kobe 1991-02: 28 rows
Kobe 1991-03: 31 rows
Kobe 1992-02: 29 rows
Kobe 1992-03: 31 rows
Kobe 1993-02: 28 rows
Kobe 1993-03: 31 rows
Kobe 1994-02: 28 rows
Kobe 1994-03: 31 rows
Kobe 1995-02: 28 rows
Kobe 1995-03: 31 rows
Kobe 1996-02: 29 rows
Kobe 1996-03: 31 rows
Kobe 1997-02: 28 rows
Kobe 1997-03: 31 rows
Kobe 1998-02: 28 rows
Kobe 1998-03: 31 rows
Kobe 1999-02: 28 rows
Kobe 1999-03: 31 rows
Kobe 2000-02: 29 rows
Kobe 2000-03: 31 rows
Kobe 2001-02: 28 rows
Kobe 2001-03: 31 rows
Kobe 2002-02: 28 rows
Kobe 2002-03: 31 rows
Kobe 2003-02: 28 rows
Kobe 2003-03: 31 rows
Kobe 2004-02: 29 rows
Kobe 2004-03: 31 rows
Kobe 2005-02: 28 rows
Kobe 2005-03: 31 rows
Kobe 2006-02: 28 rows
Kobe 2006-03: 31 rows
Kobe 2007-02: 28 rows
Kobe 2007-03: 31 rows
Kobe 2008-02: 29 rows
Kobe 2008-03: 31 rows
Kobe 2009-02: 28 rows
Kobe 2009-03: 31 rows
Kobe 2010-02: 28 rows
Kobe 2010-03: 31 rows
Kobe 2011-02: 28 rows
Kobe 2011-03: 31 rows
Kobe 2012-02: 29 rows
Kobe 2012-03: 31 rows
Kobe 2013-02: 28 rows
Kobe 2013-03: 31 rows
Kobe 2014-02: 28 rows
Kobe 2014-03: 31 rows
Kobe 2015-02: 28 rows
Kobe 2015-03: 31 rows
Kobe 2016-02: 29 rows
Kobe 2016-03: 31 rows
Kobe 2017-02: 28 rows
Kobe 2017-03: 31 rows
Kobe 2018-02: 28 rows
Kobe 2018-03: 31 rows
Kobe 2019-02: 28 rows
Kobe 2019-03: 31 rows
Kobe 2020-02: 29 rows
Kobe 2020-03: 31 rows
Kobe 2021-02: 28 rows
Kobe 2021-03: 31 rows
Kobe 2022-02: 28 rows
Kobe 2022-03: 31 rows
Kobe 2023-02: 28 rows
Kobe 2023-03: 31 rows
Kobe 2024-02: 29 rows
Kobe 2024-03: 31 rows
Matsue 1953-02: 28 rows
Matsue 1953-03: 31 rows
Matsue 1954-02: 28 rows
Matsue 1954-03: 31 rows
Matsue 1955-02: 28 rows
Matsue 1955-03: 31 rows
Matsue 1956-02: 29 rows
Matsue 1956-03: 31 rows
Matsue 1957-02: 28 rows
Matsue 1957-03: 31 rows
Matsue 1958-02: 28 rows
Matsue 1958-03: 31 rows
Matsue 1959-02: 28 rows
Matsue 1959-03: 31 rows
Matsue 1960-02: 29 rows
Matsue 1960-03: 31 rows
Matsue 1961-02: 28 rows
Matsue 1961-03: 31 rows
Matsue 1962-02: 28 rows
Matsue 1962-03: 31 rows
Matsue 1963-02: 28 rows
Matsue 1963-03: 31 rows
Matsue 1964-02: 29 rows
Matsue 1964-03: 31 rows
Matsue 1965-02: 28 rows
Matsue 1965-03: 31 rows
Matsue 1966-02: 28 rows
Matsue 1966-03: 31 rows
Matsue 1967-02: 28 rows
Matsue 1967-03: 31 rows
Matsue 1968-02: 29 rows
Matsue 1968-03: 31 rows
Matsue 1969-02: 28 rows
Matsue 1969-03: 31 rows
Matsue 1970-02: 28 rows
Matsue 1970-03: 31 rows
Matsue 1971-02: 28 rows
Matsue 1971-03: 31 rows
Matsue 1972-02: 29 rows
Matsue 1972-03: 31 rows
Matsue 1973-02: 28 rows
Matsue 1973-03: 31 rows
Matsue 1974-02: 28 rows
Matsue 1974-03: 31 rows
Matsue 1975-02: 28 rows
Matsue 1975-03: 31 rows
Matsue 1976-02: 29 rows
Matsue 1976-03: 31 rows
Matsue 1977-02: 28 rows
Matsue 1977-03: 31 rows
Matsue 1978-02: 28 rows
Matsue 1978-03: 31 rows
Matsue 1979-02: 28 rows
Matsue 1979-03: 31 rows
Matsue 1980-02: 29 rows
Matsue 1980-03: 31 rows
Matsue 1981-02: 28 rows
Matsue 1981-03: 31 rows
Matsue 1982-02: 28 rows
Matsue 1982-03: 31 rows
Matsue 1983-02: 28 rows
Matsue 1983-03: 31 rows
Matsue 1984-02: 29 rows
Matsue 1984-03: 31 rows
Matsue 1985-02: 28 rows
Matsue 1985-03: 31 rows
Matsue 1986-02: 28 rows
Matsue 1986-03: 31 rows
Matsue 1987-02: 28 rows
Matsue 1987-03: 31 rows
Matsue 1988-02: 29 rows
Matsue 1988-03: 31 rows
Matsue 1989-02: 28 rows
Matsue 1989-03: 31 rows
Matsue 1990-02: 28 rows
Matsue 1990-03: 31 rows
Matsue 1991-02: 28 rows
Matsue 1991-03: 31 rows
Matsue 1992-02: 29 rows
Matsue 1992-03: 31 rows
Matsue 1993-02: 28 rows
Matsue 1993-03: 31 rows
Matsue 1994-02: 27 rows
Matsue 1994-03: 31 rows
Matsue 1995-02: 28 rows
Matsue 1995-03: 31 rows
Matsue 1996-02: 29 rows
Matsue 1996-03: 31 rows
Matsue 1997-02: 28 rows
Matsue 1997-03: 31 rows
Matsue 1998-02: 28 rows
Matsue 1998-03: 31 rows
Matsue 1999-02: 28 rows
Matsue 1999-03: 31 rows
Matsue 2000-02: 29 rows
Matsue 2000-03: 31 rows
Matsue 2001-02: 28 rows
Matsue 2001-03: 31 rows
Matsue 2002-02: 28 rows
Matsue 2002-03: 31 rows
Matsue 2003-02: 28 rows
Matsue 2003-03: 31 rows
Matsue 2004-02: 29 rows
Matsue 2004-03: 31 rows
Matsue 2005-02: 28 rows
Matsue 2005-03: 31 rows
Matsue 2006-02: 28 rows
Matsue 2006-03: 31 rows
Matsue 2007-02: 28 rows
Matsue 2007-03: 31 rows
Matsue 2008-02: 29 rows
Matsue 2008-03: 31 rows
Matsue 2009-02: 28 rows
Matsue 2009-03: 31 rows
Matsue 2010-02: 28 rows
Matsue 2010-03: 31 rows
Matsue 2011-02: 28 rows
Matsue 2011-03: 31 rows
Matsue 2012-02: 29 rows
Matsue 2012-03: 31 rows
Matsue 2013-02: 28 rows
Matsue 2013-03: 31 rows
Matsue 2014-02: 28 rows
Matsue 2014-03: 31 rows
Matsue 2015-02: 28 rows
Matsue 2015-03: 31 rows
Matsue 2016-02: 29 rows
Matsue 2016-03: 31 rows
Matsue 2017-02: 28 rows
Matsue 2017-03: 31 rows
Matsue 2018-02: 28 rows
Matsue 2018-03: 31 rows
Matsue 2019-02: 28 rows
Matsue 2019-03: 31 rows
Matsue 2020-02: 29 rows
Matsue 2020-03: 31 rows
Matsue 2021-02: 28 rows
Matsue 2021-03: 31 rows
Matsue 2022-02: 28 rows
Matsue 2022-03: 31 rows
Matsue 2023-02: 28 rows
Matsue 2023-03: 31 rows
Matsue 2024-02: 29 rows
Matsue 2024-03: 31 rows
Kochi 1953-02: 28 rows
Kochi 1953-03: 31 rows
Kochi 1954-02: 28 rows
Kochi 1954-03: 31 rows
Kochi 1955-02: 28 rows
Kochi 1955-03: 31 rows
Kochi 1956-02: 29 rows
Kochi 1956-03: 31 rows
Kochi 1957-02: 28 rows
Kochi 1957-03: 31 rows
Kochi 1958-02: 28 rows
Kochi 1958-03: 31 rows
Kochi 1959-02: 28 rows
Kochi 1959-03: 31 rows
Kochi 1960-02: 29 rows
Kochi 1960-03: 31 rows
Kochi 1961-02: 28 rows
Kochi 1961-03: 31 rows
Kochi 1962-02: 28 rows
Kochi 1962-03: 31 rows
Kochi 1963-02: 28 rows
Kochi 1963-03: 31 rows
Kochi 1964-02: 29 rows
Kochi 1964-03: 31 rows
Kochi 1965-02: 28 rows
Kochi 1965-03: 31 rows
Kochi 1966-02: 28 rows
Kochi 1966-03: 31 rows
Kochi 1967-02: 28 rows
Kochi 1967-03: 31 rows
Kochi 1968-02: 29 rows
Kochi 1968-03: 31 rows
Kochi 1969-02: 28 rows
Kochi 1969-03: 31 rows
Kochi 1970-02: 28 rows
Kochi 1970-03: 31 rows
Kochi 1971-02: 28 rows
Kochi 1971-03: 31 rows
Kochi 1972-02: 29 rows
Kochi 1972-03: 31 rows
Kochi 1973-02: 28 rows
Kochi 1973-03: 31 rows
Kochi 1974-02: 28 rows
Kochi 1974-03: 31 rows
Kochi 1975-02: 28 rows
Kochi 1975-03: 31 rows
Kochi 1976-02: 29 rows
Kochi 1976-03: 31 rows
Kochi 1977-02: 28 rows
Kochi 1977-03: 31 rows
Kochi 1978-02: 28 rows
Kochi 1978-03: 31 rows
Kochi 1979-02: 28 rows
Kochi 1979-03: 31 rows
Kochi 1980-02: 29 rows
Kochi 1980-03: 31 rows
Kochi 1981-02: 28 rows
Kochi 1981-03: 31 rows
Kochi 1982-02: 28 rows
Kochi 1982-03: 31 rows
Kochi 1983-02: 28 rows
Kochi 1983-03: 31 rows
Kochi 1984-02: 29 rows
Kochi 1984-03: 31 rows
Kochi 1985-02: 28 rows
Kochi 1985-03: 31 rows
Kochi 1986-02: 28 rows
Kochi 1986-03: 31 rows
Kochi 1987-02: 28 rows
Kochi 1987-03: 31 rows
Kochi 1988-02: 29 rows
Kochi 1988-03: 31 rows
Kochi 1989-02: 28 rows
Kochi 1989-03: 31 rows
Kochi 1990-02: 28 rows
Kochi 1990-03: 31 rows
Kochi 1991-02: 28 rows
Kochi 1991-03: 31 rows
Kochi 1992-02: 29 rows
Kochi 1992-03: 31 rows
Kochi 1993-02: 28 rows
Kochi 1993-03: 31 rows
Kochi 1994-02: 28 rows
Kochi 1994-03: 31 rows
Kochi 1995-02: 28 rows
Kochi 1995-03: 31 rows
Kochi 1996-02: 29 rows
Kochi 1996-03: 31 rows
Kochi 1997-02: 28 rows
Kochi 1997-03: 31 rows
Kochi 1998-02: 28 rows
Kochi 1998-03: 31 rows
Kochi 1999-02: 28 rows
Kochi 1999-03: 31 rows
Kochi 2000-02: 29 rows
Kochi 2000-03: 31 rows
Kochi 2001-02: 28 rows
Kochi 2001-03: 31 rows
Kochi 2002-02: 28 rows
Kochi 2002-03: 31 rows
Kochi 2003-02: 28 rows
Kochi 2003-03: 31 rows
Kochi 2004-02: 29 rows
Kochi 2004-03: 31 rows
Kochi 2005-02: 28 rows
Kochi 2005-03: 31 rows
Kochi 2006-02: 28 rows
Kochi 2006-03: 31 rows
Kochi 2007-02: 28 rows
Kochi 2007-03: 31 rows
Kochi 2008-02: 29 rows
Kochi 2008-03: 31 rows
Kochi 2009-02: 28 rows
Kochi 2009-03: 31 rows
Kochi 2010-02: 28 rows
Kochi 2010-03: 31 rows
Kochi 2011-02: 28 rows
Kochi 2011-03: 31 rows
Kochi 2012-02: 29 rows
Kochi 2012-03: 31 rows
Kochi 2013-02: 28 rows
Kochi 2013-03: 31 rows
Kochi 2014-02: 28 rows
Kochi 2014-03: 31 rows
Kochi 2015-02: 28 rows
Kochi 2015-03: 31 rows
Kochi 2016-02: 29 rows
Kochi 2016-03: 31 rows
Kochi 2017-02: 28 rows
Kochi 2017-03: 31 rows
Kochi 2018-02: 28 rows
Kochi 2018-03: 31 rows
Kochi 2019-02: 28 rows
Kochi 2019-03: 31 rows
Kochi 2020-02: 29 rows
Kochi 2020-03: 31 rows
Kochi 2021-02: 28 rows
Kochi 2021-03: 31 rows
Kochi 2022-02: 28 rows
Kochi 2022-03: 31 rows
Kochi 2023-02: 28 rows
Kochi 2023-03: 31 rows
Kochi 2024-02: 29 rows
Kochi 2024-03: 31 rows
Fukuoka 1953-02: 28 rows
Fukuoka 1953-03: 31 rows
Fukuoka 1954-02: 28 rows
Fukuoka 1954-03: 31 rows
Fukuoka 1955-02: 28 rows
Fukuoka 1955-03: 31 rows
Fukuoka 1956-02: 29 rows
Fukuoka 1956-03: 31 rows
Fukuoka 1957-02: 28 rows
Fukuoka 1957-03: 31 rows
Fukuoka 1958-02: 28 rows
Fukuoka 1958-03: 31 rows
Fukuoka 1959-02: 28 rows
Fukuoka 1959-03: 31 rows
Fukuoka 1960-02: 29 rows
Fukuoka 1960-03: 31 rows
Fukuoka 1961-02: 28 rows
Fukuoka 1961-03: 31 rows
Fukuoka 1962-02: 28 rows
Fukuoka 1962-03: 31 rows
Fukuoka 1963-02: 28 rows
Fukuoka 1963-03: 31 rows
Fukuoka 1964-02: 29 rows
Fukuoka 1964-03: 31 rows
Fukuoka 1965-02: 28 rows
Fukuoka 1965-03: 31 rows
Fukuoka 1966-02: 28 rows
Fukuoka 1966-03: 31 rows
Fukuoka 1967-02: 28 rows
Fukuoka 1967-03: 31 rows
Fukuoka 1968-02: 29 rows
Fukuoka 1968-03: 31 rows
Fukuoka 1969-02: 28 rows
Fukuoka 1969-03: 31 rows
Fukuoka 1970-02: 28 rows
Fukuoka 1970-03: 31 rows
Fukuoka 1971-02: 28 rows
Fukuoka 1971-03: 31 rows
Fukuoka 1972-02: 29 rows
Fukuoka 1972-03: 31 rows
Fukuoka 1973-02: 28 rows
Fukuoka 1973-03: 31 rows
Fukuoka 1974-02: 28 rows
Fukuoka 1974-03: 31 rows
Fukuoka 1975-02: 28 rows
Fukuoka 1975-03: 31 rows
Fukuoka 1976-02: 29 rows
Fukuoka 1976-03: 31 rows
Fukuoka 1977-02: 28 rows
Fukuoka 1977-03: 31 rows
Fukuoka 1978-02: 28 rows
Fukuoka 1978-03: 31 rows
Fukuoka 1979-02: 28 rows
Fukuoka 1979-03: 31 rows
Fukuoka 1980-02: 29 rows
Fukuoka 1980-03: 31 rows
Fukuoka 1981-02: 28 rows
Fukuoka 1981-03: 31 rows
Fukuoka 1982-02: 28 rows
Fukuoka 1982-03: 31 rows
Fukuoka 1983-02: 28 rows
Fukuoka 1983-03: 31 rows
Fukuoka 1984-02: 29 rows
Fukuoka 1984-03: 31 rows
Fukuoka 1985-02: 28 rows
Fukuoka 1985-03: 31 rows
Fukuoka 1986-02: 28 rows
Fukuoka 1986-03: 31 rows
Fukuoka 1987-02: 28 rows
Fukuoka 1987-03: 31 rows
Fukuoka 1988-02: 29 rows
Fukuoka 1988-03: 31 rows
Fukuoka 1989-02: 28 rows
Fukuoka 1989-03: 31 rows
Fukuoka 1990-02: 28 rows
Fukuoka 1990-03: 31 rows
Fukuoka 1991-02: 28 rows
Fukuoka 1991-03: 31 rows
Fukuoka 1992-02: 29 rows
Fukuoka 1992-03: 31 rows
Fukuoka 1993-02: 28 rows
Fukuoka 1993-03: 31 rows
Fukuoka 1994-02: 28 rows
Fukuoka 1994-03: 31 rows
Fukuoka 1995-02: 28 rows
Fukuoka 1995-03: 31 rows
Fukuoka 1996-02: 29 rows
Fukuoka 1996-03: 31 rows
Fukuoka 1997-02: 28 rows
Fukuoka 1997-03: 31 rows
Fukuoka 1998-02: 28 rows
Fukuoka 1998-03: 31 rows
Fukuoka 1999-02: 28 rows
Fukuoka 1999-03: 31 rows
Fukuoka 2000-02: 29 rows
Fukuoka 2000-03: 31 rows
Fukuoka 2001-02: 28 rows
Fukuoka 2001-03: 31 rows
Fukuoka 2002-02: 28 rows
Fukuoka 2002-03: 31 rows
Fukuoka 2003-02: 28 rows
Fukuoka 2003-03: 31 rows
Fukuoka 2004-02: 29 rows
Fukuoka 2004-03: 31 rows
Fukuoka 2005-02: 28 rows
Fukuoka 2005-03: 31 rows
Fukuoka 2006-02: 28 rows
Fukuoka 2006-03: 31 rows
Fukuoka 2007-02: 28 rows
Fukuoka 2007-03: 31 rows
Fukuoka 2008-02: 29 rows
Fukuoka 2008-03: 31 rows
Fukuoka 2009-02: 28 rows
Fukuoka 2009-03: 31 rows
Fukuoka 2010-02: 27 rows
Fukuoka 2010-03: 31 rows
Fukuoka 2011-02: 28 rows
Fukuoka 2011-03: 30 rows
Fukuoka 2012-02: 29 rows
Fukuoka 2012-03: 31 rows
Fukuoka 2013-02: 28 rows
Fukuoka 2013-03: 31 rows
Fukuoka 2014-02: 28 rows
Fukuoka 2014-03: 31 rows
Fukuoka 2015-02: 28 rows
Fukuoka 2015-03: 31 rows
Fukuoka 2016-02: 29 rows
Fukuoka 2016-03: 31 rows
Fukuoka 2017-02: 28 rows
Fukuoka 2017-03: 31 rows
Fukuoka 2018-02: 28 rows
Fukuoka 2018-03: 31 rows
Fukuoka 2019-02: 28 rows
Fukuoka 2019-03: 31 rows
Fukuoka 2020-02: 29 rows
Fukuoka 2020-03: 31 rows
Fukuoka 2021-02: 28 rows
Fukuoka 2021-03: 31 rows
Fukuoka 2022-02: 28 rows
Fukuoka 2022-03: 31 rows
Fukuoka 2023-02: 28 rows
Fukuoka 2023-03: 31 rows
Fukuoka 2024-02: 29 rows
Fukuoka 2024-03: 31 rows
Oita 1953-02: 28 rows
Oita 1953-03: 31 rows
Oita 1954-02: 28 rows
Oita 1954-03: 31 rows
Oita 1955-02: 28 rows
Oita 1955-03: 31 rows
Oita 1956-02: 29 rows
Oita 1956-03: 31 rows
Oita 1957-02: 28 rows
Oita 1957-03: 31 rows
Oita 1958-02: 28 rows
Oita 1958-03: 31 rows
Oita 1959-02: 28 rows
Oita 1959-03: 31 rows
Oita 1960-02: 29 rows
Oita 1960-03: 31 rows
Oita 1961-02: 28 rows
Oita 1961-03: 31 rows
Oita 1962-02: 28 rows
Oita 1962-03: 31 rows
Oita 1963-02: 28 rows
Oita 1963-03: 31 rows
Oita 1964-02: 29 rows
Oita 1964-03: 31 rows
Oita 1965-02: 28 rows
Oita 1965-03: 31 rows
Oita 1966-02: 28 rows
Oita 1966-03: 31 rows
Oita 1967-02: 28 rows
Oita 1967-03: 31 rows
Oita 1968-02: 29 rows
Oita 1968-03: 31 rows
Oita 1969-02: 28 rows
Oita 1969-03: 31 rows
Oita 1970-02: 28 rows
Oita 1970-03: 31 rows
Oita 1971-02: 28 rows
Oita 1971-03: 31 rows
Oita 1972-02: 29 rows
Oita 1972-03: 31 rows
Oita 1973-02: 28 rows
Oita 1973-03: 31 rows
Oita 1974-02: 28 rows
Oita 1974-03: 31 rows
Oita 1975-02: 28 rows
Oita 1975-03: 31 rows
Oita 1976-02: 29 rows
Oita 1976-03: 31 rows
Oita 1977-02: 28 rows
Oita 1977-03: 31 rows
Oita 1978-02: 28 rows
Oita 1978-03: 31 rows
Oita 1979-02: 28 rows
Oita 1979-03: 31 rows
Oita 1980-02: 29 rows
Oita 1980-03: 31 rows
Oita 1981-02: 28 rows
Oita 1981-03: 31 rows
Oita 1982-02: 28 rows
Oita 1982-03: 31 rows
Oita 1983-02: 28 rows
Oita 1983-03: 31 rows
Oita 1984-02: 29 rows
Oita 1984-03: 31 rows
Oita 1985-02: 28 rows
Oita 1985-03: 31 rows
Oita 1986-02: 28 rows
Oita 1986-03: 31 rows
Oita 1987-02: 28 rows
Oita 1987-03: 31 rows
Oita 1988-02: 29 rows
Oita 1988-03: 31 rows
Oita 1989-02: 28 rows
Oita 1989-03: 31 rows
Oita 1990-02: 28 rows
Oita 1990-03: 31 rows
Oita 1991-02: 28 rows
Oita 1991-03: 31 rows
Oita 1992-02: 29 rows
Oita 1992-03: 31 rows
Oita 1993-02: 28 rows
Oita 1993-03: 31 rows
Oita 1994-02: 28 rows
Oita 1994-03: 31 rows
Oita 1995-02: 28 rows
Oita 1995-03: 31 rows
Oita 1996-02: 29 rows
Oita 1996-03: 31 rows
Oita 1997-02: 28 rows
Oita 1997-03: 31 rows
Oita 1998-02: 28 rows
Oita 1998-03: 31 rows
Oita 1999-02: 28 rows
Oita 1999-03: 31 rows
Oita 2000-02: 29 rows
Oita 2000-03: 31 rows
Oita 2001-02: 28 rows
Oita 2001-03: 31 rows
Oita 2002-02: 28 rows
Oita 2002-03: 31 rows
Oita 2003-02: 28 rows
Oita 2003-03: 31 rows
Oita 2004-02: 29 rows
Oita 2004-03: 31 rows
Oita 2005-02: 28 rows
Oita 2005-03: 31 rows
Oita 2006-02: 28 rows
Oita 2006-03: 31 rows
Oita 2007-02: 28 rows
Oita 2007-03: 31 rows
Oita 2008-02: 29 rows
Oita 2008-03: 31 rows
Oita 2009-02: 28 rows
Oita 2009-03: 31 rows
Oita 2010-02: 28 rows
Oita 2010-03: 31 rows
Oita 2011-02: 28 rows
Oita 2011-03: 31 rows
Oita 2012-02: 29 rows
Oita 2012-03: 31 rows
Oita 2013-02: 28 rows
Oita 2013-03: 31 rows
Oita 2014-02: 28 rows
Oita 2014-03: 31 rows
Oita 2015-02: 28 rows
Oita 2015-03: 31 rows
Oita 2016-02: 29 rows
Oita 2016-03: 31 rows
Oita 2017-02: 28 rows
Oita 2017-03: 31 rows
Oita 2018-02: 28 rows
Oita 2018-03: 31 rows
Oita 2019-02: 28 rows
Oita 2019-03: 31 rows
Oita 2020-02: 29 rows
Oita 2020-03: 31 rows
Oita 2021-02: 28 rows
Oita 2021-03: 31 rows
Oita 2022-02: 28 rows
Oita 2022-03: 31 rows
Oita 2023-02: 28 rows
Oita 2023-03: 31 rows
Oita 2024-02: 29 rows
Oita 2024-03: 31 rows
Miyazaki 1953-02: 28 rows
Miyazaki 1953-03: 31 rows
Miyazaki 1954-02: 28 rows
Miyazaki 1954-03: 31 rows
Miyazaki 1955-02: 28 rows
Miyazaki 1955-03: 31 rows
Miyazaki 1956-02: 29 rows
Miyazaki 1956-03: 31 rows
Miyazaki 1957-02: 28 rows
Miyazaki 1957-03: 31 rows
Miyazaki 1958-02: 28 rows
Miyazaki 1958-03: 31 rows
Miyazaki 1959-02: 28 rows
Miyazaki 1959-03: 31 rows
Miyazaki 1960-02: 29 rows
Miyazaki 1960-03: 31 rows
Miyazaki 1961-02: 28 rows
Miyazaki 1961-03: 31 rows
Miyazaki 1962-02: 28 rows
Miyazaki 1962-03: 31 rows
Miyazaki 1963-02: 28 rows
Miyazaki 1963-03: 31 rows
Miyazaki 1964-02: 29 rows
Miyazaki 1964-03: 31 rows
Miyazaki 1965-02: 28 rows
Miyazaki 1965-03: 31 rows
Miyazaki 1966-02: 28 rows
Miyazaki 1966-03: 31 rows
Miyazaki 1967-02: 28 rows
Miyazaki 1967-03: 31 rows
Miyazaki 1968-02: 29 rows
Miyazaki 1968-03: 31 rows
Miyazaki 1969-02: 28 rows
Miyazaki 1969-03: 31 rows
Miyazaki 1970-02: 28 rows
Miyazaki 1970-03: 31 rows
Miyazaki 1971-02: 28 rows
Miyazaki 1971-03: 31 rows
Miyazaki 1972-02: 29 rows
Miyazaki 1972-03: 31 rows
Miyazaki 1973-02: 28 rows
Miyazaki 1973-03: 31 rows
Miyazaki 1974-02: 28 rows
Miyazaki 1974-03: 31 rows
Miyazaki 1975-02: 28 rows
Miyazaki 1975-03: 31 rows
Miyazaki 1976-02: 29 rows
Miyazaki 1976-03: 31 rows
Miyazaki 1977-02: 28 rows
Miyazaki 1977-03: 31 rows
Miyazaki 1978-02: 28 rows
Miyazaki 1978-03: 31 rows
Miyazaki 1979-02: 28 rows
Miyazaki 1979-03: 31 rows
Miyazaki 1980-02: 29 rows
Miyazaki 1980-03: 31 rows
Miyazaki 1981-02: 28 rows
Miyazaki 1981-03: 31 rows
Miyazaki 1982-02: 28 rows
Miyazaki 1982-03: 31 rows
Miyazaki 1983-02: 28 rows
Miyazaki 1983-03: 31 rows
Miyazaki 1984-02: 29 rows
Miyazaki 1984-03: 31 rows
Miyazaki 1985-02: 28 rows
Miyazaki 1985-03: 31 rows
Miyazaki 1986-02: 28 rows
Miyazaki 1986-03: 31 rows
Miyazaki 1987-02: 28 rows
Miyazaki 1987-03: 31 rows
Miyazaki 1988-02: 29 rows
Miyazaki 1988-03: 31 rows
Miyazaki 1989-02: 28 rows
Miyazaki 1989-03: 31 rows
Miyazaki 1990-02: 28 rows
Miyazaki 1990-03: 31 rows
Miyazaki 1991-02: 28 rows
Miyazaki 1991-03: 31 rows
Miyazaki 1992-02: 29 rows
Miyazaki 1992-03: 31 rows
Miyazaki 1993-02: 28 rows
Miyazaki 1993-03: 31 rows
Miyazaki 1994-02: 28 rows
Miyazaki 1994-03: 31 rows
Miyazaki 1995-02: 28 rows
Miyazaki 1995-03: 31 rows
Miyazaki 1996-02: 29 rows
Miyazaki 1996-03: 31 rows
Miyazaki 1997-02: 28 rows
Miyazaki 1997-03: 31 rows
Miyazaki 1998-02: 28 rows
Miyazaki 1998-03: 31 rows
Miyazaki 1999-02: 28 rows
Miyazaki 1999-03: 31 rows
Miyazaki 2000-02: 29 rows
Miyazaki 2000-03: 31 rows
Miyazaki 2001-02: 28 rows
Miyazaki 2001-03: 31 rows
Miyazaki 2002-02: 28 rows
Miyazaki 2002-03: 31 rows
Miyazaki 2003-02: 28 rows
Miyazaki 2003-03: 31 rows
Miyazaki 2004-02: 29 rows
Miyazaki 2004-03: 31 rows
Miyazaki 2005-02: 28 rows
Miyazaki 2005-03: 31 rows
Miyazaki 2006-02: 28 rows
Miyazaki 2006-03: 31 rows
Miyazaki 2007-02: 28 rows
Miyazaki 2007-03: 31 rows
Miyazaki 2008-02: 29 rows
Miyazaki 2008-03: 31 rows
Miyazaki 2009-02: 28 rows
Miyazaki 2009-03: 31 rows
Miyazaki 2010-02: 28 rows
Miyazaki 2010-03: 31 rows
Miyazaki 2011-02: 28 rows
Miyazaki 2011-03: 31 rows
Miyazaki 2012-02: 29 rows
Miyazaki 2012-03: 31 rows
Miyazaki 2013-02: 28 rows
Miyazaki 2013-03: 31 rows
Miyazaki 2014-02: 27 rows
Miyazaki 2014-03: 31 rows
Miyazaki 2015-02: 28 rows
Miyazaki 2015-03: 31 rows
Miyazaki 2016-02: 29 rows
Miyazaki 2016-03: 31 rows
Miyazaki 2017-02: 28 rows
Miyazaki 2017-03: 31 rows
Miyazaki 2018-02: 28 rows
Miyazaki 2018-03: 31 rows
Miyazaki 2019-02: 28 rows
Miyazaki 2019-03: 31 rows
Miyazaki 2020-02: 29 rows
Miyazaki 2020-03: 31 rows
Miyazaki 2021-02: 28 rows
Miyazaki 2021-03: 31 rows
Miyazaki 2022-02: 28 rows
Miyazaki 2022-03: 31 rows
Miyazaki 2023-02: 28 rows
Miyazaki 2023-03: 31 rows
Miyazaki 2024-02: 29 rows
Miyazaki 2024-03: 31 rows
Kagoshima 1953-02: 28 rows
Kagoshima 1953-03: 31 rows
Kagoshima 1954-02: 28 rows
Kagoshima 1954-03: 31 rows
Kagoshima 1955-02: 28 rows
Kagoshima 1955-03: 31 rows
Kagoshima 1956-02: 29 rows
Kagoshima 1956-03: 31 rows
Kagoshima 1957-02: 28 rows
Kagoshima 1957-03: 31 rows
Kagoshima 1958-02: 28 rows
Kagoshima 1958-03: 31 rows
Kagoshima 1959-02: 28 rows
Kagoshima 1959-03: 31 rows
Kagoshima 1960-02: 29 rows
Kagoshima 1960-03: 31 rows
Kagoshima 1961-02: 28 rows
Kagoshima 1961-03: 31 rows
Kagoshima 1962-02: 28 rows
Kagoshima 1962-03: 31 rows
Kagoshima 1963-02: 28 rows
Kagoshima 1963-03: 31 rows
Kagoshima 1964-02: 29 rows
Kagoshima 1964-03: 31 rows
Kagoshima 1965-02: 28 rows
Kagoshima 1965-03: 31 rows
Kagoshima 1966-02: 28 rows
Kagoshima 1966-03: 31 rows
Kagoshima 1967-02: 28 rows
Kagoshima 1967-03: 31 rows
Kagoshima 1968-02: 29 rows
Kagoshima 1968-03: 31 rows
Kagoshima 1969-02: 28 rows
Kagoshima 1969-03: 31 rows
Kagoshima 1970-02: 28 rows
Kagoshima 1970-03: 31 rows
Kagoshima 1971-02: 28 rows
Kagoshima 1971-03: 31 rows
Kagoshima 1972-02: 29 rows
Kagoshima 1972-03: 31 rows
Kagoshima 1973-02: 28 rows
Kagoshima 1973-03: 31 rows
Kagoshima 1974-02: 28 rows
Kagoshima 1974-03: 31 rows
Kagoshima 1975-02: 28 rows
Kagoshima 1975-03: 31 rows
Kagoshima 1976-02: 29 rows
Kagoshima 1976-03: 31 rows
Kagoshima 1977-02: 28 rows
Kagoshima 1977-03: 31 rows
Kagoshima 1978-02: 28 rows
Kagoshima 1978-03: 31 rows
Kagoshima 1979-02: 28 rows
Kagoshima 1979-03: 31 rows
Kagoshima 1980-02: 29 rows
Kagoshima 1980-03: 31 rows
Kagoshima 1981-02: 28 rows
Kagoshima 1981-03: 31 rows
Kagoshima 1982-02: 28 rows
Kagoshima 1982-03: 31 rows
Kagoshima 1983-02: 28 rows
Kagoshima 1983-03: 31 rows
Kagoshima 1984-02: 29 rows
Kagoshima 1984-03: 31 rows
Kagoshima 1985-02: 28 rows
Kagoshima 1985-03: 31 rows
Kagoshima 1986-02: 28 rows
Kagoshima 1986-03: 31 rows
Kagoshima 1987-02: 28 rows
Kagoshima 1987-03: 31 rows
Kagoshima 1988-02: 29 rows
Kagoshima 1988-03: 31 rows
Kagoshima 1989-02: 28 rows
Kagoshima 1989-03: 31 rows
Kagoshima 1990-02: 28 rows
Kagoshima 1990-03: 31 rows
Kagoshima 1991-02: 28 rows
Kagoshima 1991-03: 31 rows
Kagoshima 1992-02: 29 rows
Kagoshima 1992-03: 31 rows
Kagoshima 1993-02: 28 rows
Kagoshima 1993-03: 31 rows
Kagoshima 1994-02: 28 rows
Kagoshima 1994-03: 31 rows
Kagoshima 1995-02: 28 rows
Kagoshima 1995-03: 31 rows
Kagoshima 1996-02: 29 rows
Kagoshima 1996-03: 31 rows
Kagoshima 1997-02: 28 rows
Kagoshima 1997-03: 31 rows
Kagoshima 1998-02: 28 rows
Kagoshima 1998-03: 31 rows
Kagoshima 1999-02: 28 rows
Kagoshima 1999-03: 31 rows
Kagoshima 2000-02: 29 rows
Kagoshima 2000-03: 31 rows
Kagoshima 2001-02: 28 rows
Kagoshima 2001-03: 31 rows
Kagoshima 2002-02: 28 rows
Kagoshima 2002-03: 31 rows
Kagoshima 2003-02: 28 rows
Kagoshima 2003-03: 31 rows
Kagoshima 2004-02: 29 rows
Kagoshima 2004-03: 30 rows
Kagoshima 2005-02: 28 rows
Kagoshima 2005-03: 31 rows
Kagoshima 2006-02: 28 rows
Kagoshima 2006-03: 31 rows
Kagoshima 2007-02: 28 rows
Kagoshima 2007-03: 31 rows
Kagoshima 2008-02: 29 rows
Kagoshima 2008-03: 31 rows
Kagoshima 2009-02: 28 rows
Kagoshima 2009-03: 31 rows
Kagoshima 2010-02: 28 rows
Kagoshima 2010-03: 31 rows
Kagoshima 2011-02: 28 rows
Kagoshima 2011-03: 31 rows
Kagoshima 2012-02: 29 rows
Kagoshima 2012-03: 31 rows
Kagoshima 2013-02: 28 rows
Kagoshima 2013-03: 31 rows
Kagoshima 2014-02: 28 rows
Kagoshima 2014-03: 31 rows
Kagoshima 2015-02: 28 rows
Kagoshima 2015-03: 31 rows
Kagoshima 2016-02: 29 rows
Kagoshima 2016-03: 31 rows
Kagoshima 2017-02: 28 rows
Kagoshima 2017-03: 31 rows
Kagoshima 2018-02: 28 rows
Kagoshima 2018-03: 31 rows
Kagoshima 2019-02: 28 rows
Kagoshima 2019-03: 31 rows
Kagoshima 2020-02: 29 rows
Kagoshima 2020-03: 31 rows
Kagoshima 2021-02: 28 rows
Kagoshima 2021-03: 31 rows
Kagoshima 2022-02: 28 rows
Kagoshima 2022-03: 31 rows
Kagoshima 2023-02: 28 rows
Kagoshima 2023-03: 31 rows
Kagoshima 2024-02: 29 rows
Kagoshima 2024-03: 29 rows
Shizuoka 1953-02: 28 rows
Shizuoka 1953-03: 31 rows
Shizuoka 1954-02: 28 rows
Shizuoka 1954-03: 31 rows
Shizuoka 1955-02: 28 rows
Shizuoka 1955-03: 31 rows
Shizuoka 1956-02: 29 rows
Shizuoka 1956-03: 31 rows
Shizuoka 1957-02: 28 rows
Shizuoka 1957-03: 31 rows
Shizuoka 1958-02: 27 rows
Shizuoka 1958-03: 31 rows
Shizuoka 1959-02: 28 rows
Shizuoka 1959-03: 31 rows
Shizuoka 1960-02: 29 rows
Shizuoka 1960-03: 31 rows
Shizuoka 1961-02: 28 rows
Shizuoka 1961-03: 31 rows
Shizuoka 1962-02: 28 rows
Shizuoka 1962-03: 31 rows
Shizuoka 1963-02: 28 rows
Shizuoka 1963-03: 31 rows
Shizuoka 1964-02: 29 rows
Shizuoka 1964-03: 31 rows
Shizuoka 1965-02: 28 rows
Shizuoka 1965-03: 31 rows
Shizuoka 1966-02: 28 rows
Shizuoka 1966-03: 31 rows
Shizuoka 1967-02: 28 rows
Shizuoka 1967-03: 31 rows
Shizuoka 1968-02: 29 rows
Shizuoka 1968-03: 31 rows
Shizuoka 1969-02: 28 rows
Shizuoka 1969-03: 31 rows
Shizuoka 1970-02: 28 rows
Shizuoka 1970-03: 31 rows
Shizuoka 1971-02: 28 rows
Shizuoka 1971-03: 31 rows
Shizuoka 1972-02: 29 rows
Shizuoka 1972-03: 31 rows
Shizuoka 1973-02: 28 rows
Shizuoka 1973-03: 31 rows
Shizuoka 1974-02: 28 rows
Shizuoka 1974-03: 31 rows
Shizuoka 1975-02: 28 rows
Shizuoka 1975-03: 31 rows
Shizuoka 1976-02: 29 rows
Shizuoka 1976-03: 31 rows
Shizuoka 1977-02: 28 rows
Shizuoka 1977-03: 31 rows
Shizuoka 1978-02: 28 rows
Shizuoka 1978-03: 31 rows
Shizuoka 1979-02: 28 rows
Shizuoka 1979-03: 31 rows
Shizuoka 1980-02: 29 rows
Shizuoka 1980-03: 31 rows
Shizuoka 1981-02: 28 rows
Shizuoka 1981-03: 31 rows
Shizuoka 1982-02: 28 rows
Shizuoka 1982-03: 31 rows
Shizuoka 1983-02: 28 rows
Shizuoka 1983-03: 31 rows
Shizuoka 1984-02: 29 rows
Shizuoka 1984-03: 31 rows
Shizuoka 1985-02: 28 rows
Shizuoka 1985-03: 31 rows
Shizuoka 1986-02: 28 rows
Shizuoka 1986-03: 31 rows
Shizuoka 1987-02: 28 rows
Shizuoka 1987-03: 31 rows
Shizuoka 1988-02: 29 rows
Shizuoka 1988-03: 31 rows
Shizuoka 1989-02: 28 rows
Shizuoka 1989-03: 31 rows
Shizuoka 1990-02: 28 rows
Shizuoka 1990-03: 31 rows
Shizuoka 1991-02: 28 rows
Shizuoka 1991-03: 31 rows
Shizuoka 1992-02: 29 rows
Shizuoka 1992-03: 31 rows
Shizuoka 1993-02: 28 rows
Shizuoka 1993-03: 31 rows
Shizuoka 1994-02: 28 rows
Shizuoka 1994-03: 31 rows
Shizuoka 1995-02: 28 rows
Shizuoka 1995-03: 31 rows
Shizuoka 1996-02: 29 rows
Shizuoka 1996-03: 31 rows
Shizuoka 1997-02: 28 rows
Shizuoka 1997-03: 31 rows
Shizuoka 1998-02: 28 rows
Shizuoka 1998-03: 31 rows
Shizuoka 1999-02: 28 rows
Shizuoka 1999-03: 31 rows
Shizuoka 2000-02: 29 rows
Shizuoka 2000-03: 31 rows
Shizuoka 2001-02: 28 rows
Shizuoka 2001-03: 31 rows
Shizuoka 2002-02: 28 rows
Shizuoka 2002-03: 31 rows
Shizuoka 2003-02: 28 rows
Shizuoka 2003-03: 31 rows
Shizuoka 2004-02: 29 rows
Shizuoka 2004-03: 31 rows
Shizuoka 2005-02: 28 rows
Shizuoka 2005-03: 31 rows
Shizuoka 2006-02: 28 rows
Shizuoka 2006-03: 30 rows
Shizuoka 2007-02: 28 rows
Shizuoka 2007-03: 31 rows
Shizuoka 2008-02: 29 rows
Shizuoka 2008-03: 31 rows
Shizuoka 2009-02: 28 rows
Shizuoka 2009-03: 31 rows
Shizuoka 2010-02: 28 rows
Shizuoka 2010-03: 31 rows
Shizuoka 2011-02: 28 rows
Shizuoka 2011-03: 30 rows
Shizuoka 2012-02: 29 rows
Shizuoka 2012-03: 31 rows
Shizuoka 2013-02: 28 rows
Shizuoka 2013-03: 31 rows
Shizuoka 2014-02: 28 rows
Shizuoka 2014-03: 31 rows
Shizuoka 2015-02: 28 rows
Shizuoka 2015-03: 31 rows
Shizuoka 2016-02: 29 rows
Shizuoka 2016-03: 31 rows
Shizuoka 2017-02: 28 rows
Shizuoka 2017-03: 31 rows
Shizuoka 2018-02: 28 rows
Shizuoka 2018-03: 31 rows
Shizuoka 2019-02: 28 rows
Shizuoka 2019-03: 31 rows
Shizuoka 2020-02: 29 rows
Shizuoka 2020-03: 31 rows
Shizuoka 2021-02: 28 rows
Shizuoka 2021-03: 30 rows
Shizuoka 2022-02: 28 rows
Shizuoka 2022-03: 31 rows
Shizuoka 2023-02: 28 rows
Shizuoka 2023-03: 31 rows
Shizuoka 2024-02: 29 rows
Shizuoka 2024-03: 31 rows
Failures: 0
