Wakkanai 1953-02: 28 rows
Wakkanai 1953-03: 31 rows
Wakkanai 1954-02: 28 rows
Wakkanai 1954-03: 31 rows
Wakkanai 1955-02: 28 rows
Wakkanai 1955-03: 31 rows
Wakkanai 1956-02: 29 rows
Wakkanai 1956-03: 31 rows
Wakkanai 1957-02: 28 rows
Wakkanai 1957-03: 31 rows
Wakkanai 1958-02: 28 rows
Wakkanai 1958-03: 31 rows
Wakkanai 1959-02: 28 rows
Wakkanai 1959-03: 31 rows
Wakkanai 1960-02: 29 rows
Wakkanai 1960-03: 31 rows
Wakkanai 1961-02: 28 rows
Wakkanai 1961-03: 31 rows
Wakkanai 1962-02: 28 rows
Wakkanai 1962-03: 31 rows
Wakkanai 1963-02: 28 rows
Wakkanai 1963-03: 31 rows
Wakkanai 1964-02: 29 rows
Wakkanai 1964-03: 31 rows
Wakkanai 1965-02: 28 rows
Wakkanai 1965-03: 31 rows
Wakkanai 1966-02: 28 rows
Wakkanai 1966-03: 31 rows
Wakkanai 1967-02: 28 rows
Wakkanai 1967-03: 31 rows
Wakkanai 1968-02: 29 rows
Wakkanai 1968-03: 31 rows
Wakkanai 1969-02: 28 rows
Wakkanai 1969-03: 31 rows
Wakkanai 1970-02: 28 rows
Wakkanai 1970-03: 31 rows
Wakkanai 1971-02: 28 rows
Wakkanai 1971-03: 31 rows
Wakkanai 1972-02: 29 rows
Wakkanai 1972-03: 31 rows
Wakkanai 1973-02: 28 rows
Wakkanai 1973-03: 31 rows
Wakkanai 1974-02: 28 rows
Wakkanai 1974-03: 31 rows
Wakkanai 1975-02: 28 rows
Wakkanai 1975-03: 31 rows
Wakkanai 1976-02: 29 rows
Wakkanai 1976-03: 31 rows
Wakkanai 1977-02: 28 rows
Wakkanai 1977-03: 31 rows
Wakkanai 1978-02: 28 rows
Wakkanai 1978-03: 31 rows
Wakkanai 1979-02: 28 rows
Wakkanai 1979-03: 31 rows
Wakkanai 1980-02: 29 rows
Wakkanai 1980-03: 31 rows
Wakkanai 1981-02: 28 rows
Wakkanai 1981-03: 31 rows
Wakkanai 1982-02: 28 rows
Wakkanai 1982-03: 31 rows
Wakkanai 1983-02: 28 rows
Wakkanai 1983-03: 31 rows
Wakkanai 1984-02: 29 rows
Wakkanai 1984-03: 31 rows
Wakkanai 1985-02: 28 rows
Wakkanai 1985-03: 31 rows
Wakkanai 1986-02: 28 rows
Wakkanai 1986-03: 31 rows
Wakkanai 1987-02: 28 rows
Wakkanai 1987-03: 31 rows
Wakkanai 1988-02: 29 rows
Wakkanai 1988-03: 31 rows
Wakkanai 1989-02: 28 rows
Wakkanai 1989-03: 31 rows
Wakkanai 1990-02: 28 rows
Wakkanai 1990-03: 31 rows
Wakkanai 1991-02: 28 rows
Wakkanai 1991-03: 31 rows
Wakkanai 1992-02: 28 rows
Wakkanai 1992-03: 30 rows
Wakkanai 1993-02: 28 rows
Wakkanai 1993-03: 31 rows
Wakkanai 1994-02: 28 rows
Wakkanai 1994-03: 31 rows
Wakkanai 1995-02: 28 rows
Wakkanai 1995-03: 31 rows
Wakkanai 1996-02: 29 rows
Wakkanai 1996-03: 31 rows
Wakkanai 1997-02: 28 rows
Wakkanai 1997-03: 31 rows
Wakkanai 1998-02: 28 rows
Wakkanai 1998-03: 31 rows
Wakkanai 1999-02: 28 rows
Wakkanai 1999-03: 31 rows
Wakkanai 2000-02: 29 rows
Wakkanai 2000-03: 31 rows
Wakkanai 2001-02: 28 rows
Wakkanai 2001-03: 31 rows
Wakkanai 2002-02: 28 rows
Wakkanai 2002-03: 31 rows
Wakkanai 2003-02: 28 rows
Wakkanai 2003-03: 31 rows
Wakkanai 2004-02: 29 rows
Wakkanai 2004-03: 31 rows
Wakkanai 2005-02: 28 rows
Wakkanai 2005-03: 31 rows
Wakkanai 2006-02: 28 rows
Wakkanai 2006-03: 31 rows
Wakkanai 2007-02: 28 rows
Wakkanai 2007-03: 31 rows
Wakkanai 2008-02: 29 rows
Wakkanai 2008-03: 31 rows
Wakkanai 2009-02: 28 rows
Wakkanai 2009-03: 31 rows
Wakkanai 2010-02: 28 rows
Wakkanai 2010-03: 31 rows
Wakkanai 2011-02: 28 rows
Wakkanai 2011-03: 31 rows
Wakkanai 2012-02: 29 rows
Wakkanai 2012-03: 31 rows
Wakkanai 2013-02: 28 rows
Wakkanai 2013-03: 31 rows
Wakkanai 2014-02: 28 rows
Wakkanai 2014-03: 30 rows
Wakkanai 2015-02: 28 rows
Wakkanai 2015-03: 31 rows
Wakkanai 2016-02: 29 rows
Wakkanai 2016-03: 31 rows
Wakkanai 2017-02: 28 rows
Wakkanai 2017-03: 31 rows
Wakkanai 2018-02: 28 rows
Wakkanai 2018-03: 31 rows
Wakkanai 2019-02: 28 rows
Wakkanai 2019-03: 31 rows
Wakkanai 2020-02: 29 rows
Wakkanai 2020-03: 31 rows
Wakkanai 2021-02: 28 rows
Wakkanai 2021-03: 31 rows
Wakkanai 2022-02: 28 rows
Wakkanai 2022-03: 31 rows
Wakkanai 2023-02: 27 rows
Wakkanai 2023-03: 31 rows
Wakkanai 2024-02: 28 rows
Wakkanai 2024-03: 31 rows
Asahikawa 1953-02: 28 rows
Asahikawa 1953-03: 31 rows
Asahikawa 1954-02: 28 rows
Asahikawa 1954-03: 31 rows
Asahikawa 1955-02: 28 rows
Asahikawa 1955-03: 31 rows
Asahikawa 1956-02: 29 rows
Asahikawa 1956-03: 31 rows
Asahikawa 1957-02: 28 rows
Asahikawa 1957-03: 31 rows
Asahikawa 1958-02: 28 rows
Asahikawa 1958-03: 31 rows
Asahikawa 1959-02: 28 rows
Asahikawa 1959-03: 31 rows
Asahikawa 1960-02: 29 rows
Asahikawa 1960-03: 31 rows
Asahikawa 1961-02: 28 rows
Asahikawa 1961-03: 31 rows
Asahikawa 1962-02: 28 rows
Asahikawa 1962-03: 31 rows
Asahikawa 1963-02: 28 rows
Asahikawa 1963-03: 31 rows
Asahikawa 1964-02: 29 rows
Asahikawa 1964-03: 31 rows
Asahikawa 1965-02: 28 rows
Asahikawa 1965-03: 31 rows
Asahikawa 1966-02: 28 rows
Asahikawa 1966-03: 31 rows
Asahikawa 1967-02: 28 rows
Asahikawa 1967-03: 31 rows
Asahikawa 1968-02: 29 rows
Asahikawa 1968-03: 31 rows
Asahikawa 1969-02: 28 rows
Asahikawa 1969-03: 31 rows
Asahikawa 1970-02: 28 rows
Asahikawa 1970-03: 31 rows
Asahikawa 1971-02: 28 rows
Asahikawa 1971-03: 31 rows
Asahikawa 1972-02: 29 rows
Asahikawa 1972-03: 31 rows
Asahikawa 1973-02: 28 rows
Asahikawa 1973-03: 31 rows
Asahikawa 1974-02: 28 rows
Asahikawa 1974-03: 31 rows
Asahikawa 1975-02: 28 rows
Asahikawa 1975-03: 31 rows
Asahikawa 1976-02: 29 rows
Asahikawa 1976-03: 31 rows
Asahikawa 1977-02: 28 rows
Asahikawa 1977-03: 31 rows
Asahikawa 1978-02: 28 rows
Asahikawa 1978-03: 31 rows
Asahikawa 1979-02: 28 rows
Asahikawa 1979-03: 31 rows
Asahikawa 1980-02: 29 rows
Asahikawa 1980-03: 31 rows
Asahikawa 1981-02: 28 rows
Asahikawa 1981-03: 31 rows
Asahikawa 1982-02: 28 rows
Asahikawa 1982-03: 31 rows
Asahikawa 1983-02: 28 rows
Asahikawa 1983-03: 31 rows
Asahikawa 1984-02: 29 rows
Asahikawa 1984-03: 31 rows
Asahikawa 1985-02: 28 rows
Asahikawa 1985-03: 31 rows
Asahikawa 1986-02: 28 rows
Asahikawa 1986-03: 31 rows
Asahikawa 1987-02: 28 rows
Asahikawa 1987-03: 31 rows
Asahikawa 1988-02: 29 rows
Asahikawa 1988-03: 31 rows
Asahikawa 1989-02: 28 rows
Asahikawa 1989-03: 31 rows
Asahikawa 1990-02: 28 rows
Asahikawa 1990-03: 31 rows
Asahikawa 1991-02: 28 rows
Asahikawa 1991-03: 31 rows
Asahikawa 1992-02: 29 rows
Asahikawa 1992-03: 31 rows
Asahikawa 1993-02: 28 rows
Asahikawa 1993-03: 31 rows
Asahikawa 1994-02: 28 rows
Asahikawa 1994-03: 31 rows
Asahikawa 1995-02: 28 rows
Asahikawa 1995-03: 31 rows
Asahikawa 1996-02: 29 rows
Asahikawa 1996-03: 31 rows
Asahikawa 1997-02: 28 rows
Asahikawa 1997-03: 31 rows
Asahikawa 1998-02: 28 rows
Asahikawa 1998-03: 31 rows
Asahikawa 1999-02: 28 rows
Asahikawa 1999-03: 31 rows
Asahikawa 2000-02: 29 rows
Asahikawa 2000-03: 31 rows
Asahikawa 2001-02: 28 rows
Asahikawa 2001-03: 31 rows
Asahikawa 2002-02: 28 rows
Asahikawa 2002-03: 31 rows
Asahikawa 2003-02: 28 rows
Asahikawa 2003-03: 31 rows
Asahikawa 2004-02: 29 rows
Asahikawa 2004-03: 31 rows
Asahikawa 2005-02: 28 rows
Asahikawa 2005-03: 31 rows
Asahikawa 2006-02: 28 rows
Asahikawa 2006-03: 31 rows
Asahikawa 2007-02: 28 rows
Asahikawa 2007-03: 31 rows
Asahikawa 2008-02: 29 rows
Asahikawa 2008-03: 31 rows
Asahikawa 2009-02: 28 rows
Asahikawa 2009-03: 31 rows
Asahikawa 2010-02: 28 rows
Asahikawa 2010-03: 31 rows
Asahikawa 2011-02: 28 rows
Asahikawa 2011-03: 31 rows
Asahikawa 2012-02: 29 rows
Asahikawa 2012-03: 31 rows
Asahikawa 2013-02: 28 rows
Asahikawa 2013-03: 31 rows
Asahikawa 2014-02: 28 rows
Asahikawa 2014-03: 31 rows
Asahikawa 2015-02: 28 rows
Asahikawa 2015-03: 31 rows
Asahikawa 2016-02: 29 rows
Asahikawa 2016-03: 30 rows
Asahikawa 2017-02: 28 rows
Asahikawa 2017-03: 31 rows
Asahikawa 2018-02: 28 rows
Asahikawa 2018-03: 31 rows
Asahikawa 2019-02: 28 rows
Asahikawa 2019-03: 31 rows
Asahikawa 2020-02: 29 rows
Asahikawa 2020-03: 31 rows
Asahikawa 2021-02: 28 rows
Asahikawa 2021-03: 31 rows
Asahikawa 2022-02: 28 rows
Asahikawa 2022-03: 31 rows
Asahikawa 2023-02: 28 rows
Asahikawa 2023-03: 31 rows
Asahikawa 2024-02: 29 rows
Asahikawa 2024-03: 31 rows
Iwamizawa 1953-02: 28 rows
Iwamizawa 1953-03: 31 rows
Iwamizawa 1954-02: 28 rows
Iwamizawa 1954-03: 31 rows
Iwamizawa 1955-02: 28 rows
Iwamizawa 1955-03: 31 rows
Iwamizawa 1956-02: 29 rows
Iwamizawa 1956-03: 31 rows
Iwamizawa 1957-02: 28 rows
Iwamizawa 1957-03: 31 rows
Iwamizawa 1958-02: 28 rows
Iwamizawa 1958-03: 31 rows
Iwamizawa 1959-02: 28 rows
Iwamizawa 1959-03: 31 rows
Iwamizawa 1960-02: 29 rows
Iwamizawa 1960-03: 31 rows
Iwamizawa 1961-02: 28 rows
Iwamizawa 1961-03: 31 rows
Iwamizawa 1962-02: 28 rows
Iwamizawa 1962-03: 31 rows
Iwamizawa 1963-02: 28 rowsWakkanai 1953-02: 28 rows
Wakkanai 1953-03: 31 rows
Wakkanai 1954-02: 28 rows
Wakkanai 1954-03: 31 rows
Wakkanai 1955-02: 28 rows
Wakkanai 1955-03: 31 rows
Wakkanai 1956-02: 29 rows
Wakkanai 1956-03: 31 rows
Wakkanai 1957-02: 28 rows
Wakkanai 1957-03: 31 rows
Wakkanai 1958-02: 28 rows
Wakkanai 1958-03: 31 rows
Wakkanai 1959-02: 28 rows
Wakkanai 1959-03: 31 rows
Wakkanai 1960-02: 29 rows
Wakkanai 1960-03: 31 rows
Wakkanai 1961-02: 28 rows
Wakkanai 1961-03: 31 rows
Wakkanai 1962-02: 28 rows
Wakkanai 1962-03: 31 rows
Wakkanai 1963-02: 28 rows
Wakkanai 1963-03: 31 rows
Wakkanai 1964-02: 29 rows
Wakkanai 1964-03: 31 rows
Wakkanai 1965-02: 28 rows
Wakkanai 1965-03: 31 rows
Wakkanai 1966-02: 28 rows
Wakkanai 1966-03: 31 rows
Wakkanai 1967-02: 28 rows
Wakkanai 1967-03: 31 rows
Wakkanai 1968-02: 29 rows
Wakkanai 1968-03: 31 rows
Wakkanai 1969-02: 28 rows
Wakkanai 1969-03: 31 rows
Wakkanai 1970-02: 28 rows
Wakkanai 1970-03: 31 rows
Wakkanai 1971-02: 28 rows
Wakkanai 1971-03: 31 rows
Wakkanai 1972-02: 29 rows
Wakkanai 1972-03: 31 rows
Wakkanai 1973-02: 28 rows
Wakkanai 1973-03: 31 rows
Wakkanai 1974-02: 28 rows
Wakkanai 1974-03: 31 rows
Wakkanai 1975-02: 28 rows
Wakkanai 1975-03: 31 rows
Wakkanai 1976-02: 29 rows
Wakkanai 1976-03: 31 rows
Wakkanai 1977-02: 28 rows
Wakkanai 1977-03: 31 rows
Wakkanai 1978-02: 28 rows
Wakkanai 1978-03: 31 rows
Wakkanai 1979-02: 28 rows
Wakkanai 1979-03: 31 rows
Wakkanai 1980-02: 29 rows
Wakkanai 1980-03: 31 rows
Wakkanai 1981-02: 28 rows
Wakkanai 1981-03: 31 rows
Wakkanai 1982-02: 28 rows
Wakkanai 1982-03: 31 rows
Wakkanai 1983-02: 28 rows
Wakkanai 1983-03: 31 rows
Wakkanai 1984-02: 29 rows
Wakkanai 1984-03: 31 rows
Wakkanai 1985-02: 28 rows
Wakkanai 1985-03: 31 rows
Wakkanai 1986-02: 28 rows
Wakkanai 1986-03: 31 rows
Wakkanai 1987-02: 28 rows
Wakkanai 1987-03: 31 rows
Wakkanai 1988-02: 29 rows
Wakkanai 1988-03: 31 rows
Wakkanai 1989-02: 28 rows
Wakkanai 1989-03: 31 rows
Wakkanai 1990-02: 28 rows
Wakkanai 1990-03: 31 rows
Wakkanai 1991-02: 28 rows
Wakkanai 1991-03: 31 rows
Wakkanai 1992-02: 28 rows
Wakkanai 1992-03: 30 rows
Wakkanai 1993-02: 28 rows
Wakkanai 1993-03: 31 rows
Wakkanai 1994-02: 28 rows
Wakkanai 1994-03: 31 rows
Wakkanai 1995-02: 28 rows
Wakkanai 1995-03: 31 rows
Wakkanai 1996-02: 29 rows
Wakkanai 1996-03: 31 rows
Wakkanai 1997-02: 28 rows
Wakkanai 1997-03: 31 rows
Wakkanai 1998-02: 28 rows
Wakkanai 1998-03: 31 rows
Wakkanai 1999-02: 28 rows
Wakkanai 1999-03: 31 rows
Wakkanai 2000-02: 29 rows
Wakkanai 2000-03: 31 rows
Wakkanai 2001-02: 28 rows
Wakkanai 2001-03: 31 rows
Wakkanai 2002-02: 28 rows
Wakkanai 2002-03: 31 rows
Wakkanai 2003-02: 28 rows
Wakkanai 2003-03: 31 rows
Wakkanai 2004-02: 29 rows
Wakkanai 2004-03: 31 rows
Wakkanai 2005-02: 28 rows
Wakkanai 2005-03: 31 rows
Wakkanai 2006-02: 28 rows
Wakkanai 2006-03: 31 rows
Wakkanai 2007-02: 28 rows
Wakkanai 2007-03: 31 rows
Wakkanai 2008-02: 29 rows
Wakkanai 2008-03: 31 rows
Wakkanai 2009-02: 28 rows
Wakkanai 2009-03: 31 rows
Wakkanai 2010-02: 28 rows
Wakkanai 2010-03: 31 rows
Wakkanai 2011-02: 28 rows
Wakkanai 2011-03: 31 rows
Wakkanai 2012-02: 29 rows
Wakkanai 2012-03: 31 rows
Wakkanai 2013-02: 28 rows
Wakkanai 2013-03: 31 rows
Wakkanai 2014-02: 28 rows
Wakkanai 2014-03: 30 rows
Wakkanai 2015-02: 28 rows
Wakkanai 2015-03: 31 rows
Wakkanai 2016-02: 29 rows
Wakkanai 2016-03: 31 rows
Wakkanai 2017-02: 28 rows
Wakkanai 2017-03: 31 rows
Wakkanai 2018-02: 28 rows
Wakkanai 2018-03: 31 rows
Wakkanai 2019-02: 28 rows
Wakkanai 2019-03: 31 rows
Wakkanai 2020-02: 29 rows
Wakkanai 2020-03: 31 rows
Wakkanai 2021-02: 28 rows
Wakkanai 2021-03: 31 rows
Wakkanai 2022-02: 28 rows
Wakkanai 2022-03: 31 rows
Wakkanai 2023-02: 27 rows
Wakkanai 2023-03: 31 rows
Wakkanai 2024-02: 28 rows
Wakkanai 2024-03: 31 rows
Asahikawa 1953-02: 28 rows
Asahikawa 1953-03: 31 rows
Asahikawa 1954-02: 28 rows
Asahikawa 1954-03: 31 rows
Asahikawa 1955-02: 28 rows
Asahikawa 1955-03: 31 rows
Asahikawa 1956-02: 29 rows
Asahikawa 1956-03: 31 rows
Asahikawa 1957-02: 28 rows
Asahikawa 1957-03: 31 rows
Asahikawa 1958-02: 28 rows
Asahikawa 1958-03: 31 rows
Asahikawa 1959-02: 28 rows
Asahikawa 1959-03: 31 rows
Asahikawa 1960-02: 29 rows
Asahikawa 1960-03: 31 rows
Asahikawa 1961-02: 28 rows
Asahikawa 1961-03: 31 rows
Asahikawa 1962-02: 28 rows
Asahikawa 1962-03: 31 rows
Asahikawa 1963-02: 28 rows
Asahikawa 1963-03: 31 rows
Asahikawa 1964-02: 29 rows
Asahikawa 1964-03: 31 rows
Asahikawa 1965-02: 28 rows
Asahikawa 1965-03: 31 rows
Asahikawa 1966-02: 28 rows
Asahikawa 1966-03: 31 rows
Asahikawa 1967-02: 28 rows
Asahikawa 1967-03: 31 rows
Asahikawa 1968-02: 29 rows
Asahikawa 1968-03: 31 rows
Asahikawa 1969-02: 28 rows
Asahikawa 1969-03: 31 rows
Asahikawa 1970-02: 28 rows
Asahikawa 1970-03: 31 rows
Asahikawa 1971-02: 28 rows
Asahikawa 1971-03: 31 rows
Asahikawa 1972-02: 29 rows
Asahikawa 1972-03: 31 rows
Asahikawa 1973-02: 28 rows
Asahikawa 1973-03: 31 rows
Asahikawa 1974-02: 28 rows
Asahikawa 1974-03: 31 rows
Asahikawa 1975-02: 28 rows
Asahikawa 1975-03: 31 rows
Asahikawa 1976-02: 29 rows
Asahikawa 1976-03: 31 rows
Asahikawa 1977-02: 28 rows
Asahikawa 1977-03: 31 rows
Asahikawa 1978-02: 28 rows
Asahikawa 1978-03: 31 rows
Asahikawa 1979-02: 28 rows
Asahikawa 1979-03: 31 rows
Asahikawa 1980-02: 29 rows
Asahikawa 1980-03: 31 rows
Asahikawa 1981-02: 28 rows
Asahikawa 1981-03: 31 rows
Asahikawa 1982-02: 28 rows
Asahikawa 1982-03: 31 rows
Asahikawa 1983-02: 28 rows
Asahikawa 1983-03: 31 rows
Asahikawa 1984-02: 29 rows
Asahikawa 1984-03: 31 rows
Asahikawa 1985-02: 28 rows
Asahikawa 1985-03: 31 rows
Asahikawa 1986-02: 28 rows
Asahikawa 1986-03: 31 rows
Asahikawa 1987-02: 28 rows
Asahikawa 1987-03: 31 rows
Asahikawa 1988-02: 29 rows
Asahikawa 1988-03: 31 rows
Asahikawa 1989-02: 28 rows
Asahikawa 1989-03: 31 rows
Asahikawa 1990-02: 28 rows
Asahikawa 1990-03: 31 rows
Asahikawa 1991-02: 28 rows
Asahikawa 1991-03: 31 rows
Asahikawa 1992-02: 29 rows
Asahikawa 1992-03: 31 rows
Asahikawa 1993-02: 28 rows
Asahikawa 1993-03: 31 rows
Asahikawa 1994-02: 28 rows
Asahikawa 1994-03: 31 rows
Asahikawa 1995-02: 28 rows
Asahikawa 1995-03: 31 rows
Asahikawa 1996-02: 29 rows
Asahikawa 1996-03: 31 rows
Asahikawa 1997-02: 28 rows
Asahikawa 1997-03: 31 rows
Asahikawa 1998-02: 28 rows
Asahikawa 1998-03: 31 rows
Asahikawa 1999-02: 28 rows
Asahikawa 1999-03: 31 rows
Asahikawa 2000-02: 29 rows
Asahikawa 2000-03: 31 rows
Asahikawa 2001-02: 28 rows
Asahikawa 2001-03: 31 rows
Asahikawa 2002-02: 28 rows
Asahikawa 2002-03: 31 rows
Asahikawa 2003-02: 28 rows
Asahikawa 2003-03: 31 rows
Asahikawa 2004-02: 29 rows
Asahikawa 2004-03: 31 rows
Asahikawa 2005-02: 28 rows
Asahikawa 2005-03: 31 rows
Asahikawa 2006-02: 28 rows
Asahikawa 2006-03: 31 rows
Asahikawa 2007-02: 28 rows
Asahikawa 2007-03: 31 rows
Asahikawa 2008-02: 29 rows
Asahikawa 2008-03: 31 rows
Asahikawa 2009-02: 28 rows
Asahikawa 2009-03: 31 rows
Asahikawa 2010-02: 28 rows
Asahikawa 2010-03: 31 rows
Asahikawa 2011-02: 28 rows
Asahikawa 2011-03: 31 rows
Asahikawa 2012-02: 29 rows
Asahikawa 2012-03: 31 rows
Asahikawa 2013-02: 28 rows
Asahikawa 2013-03: 31 rows
Asahikawa 2014-02: 28 rows
Asahikawa 2014-03: 31 rows
Asahikawa 2015-02: 28 rows
Asahikawa 2015-03: 31 rows
Asahikawa 2016-02: 29 rows
Asahikawa 2016-03: 30 rows
Asahikawa 2017-02: 28 rows
Asahikawa 2017-03: 31 rows
Asahikawa 2018-02: 28 rows
Asahikawa 2018-03: 31 rows
Asahikawa 2019-02: 28 rows
Asahikawa 2019-03: 31 rows
Asahikawa 2020-02: 29 rows
Asahikawa 2020-03: 31 rows
Asahikawa 2021-02: 28 rows
Asahikawa 2021-03: 31 rows
Asahikawa 2022-02: 28 rows
Asahikawa 2022-03: 31 rows
Asahikawa 2023-02: 28 rows
Asahikawa 2023-03: 31 rows
Asahikawa 2024-02: 29 rows
Asahikawa 2024-03: 31 rows
Iwamizawa 1953-02: 28 rows
Iwamizawa 1953-03: 31 rows
Iwamizawa 1954-02: 28 rows
Iwamizawa 1954-03: 31 rows
Iwamizawa 1955-02: 28 rows
Iwamizawa 1955-03: 31 rows
Iwamizawa 1956-02: 29 rows
Iwamizawa 1956-03: 31 rows
Iwamizawa 1957-02: 28 rows
Iwamizawa 1957-03: 31 rows
Iwamizawa 1958-02: 28 rows
Iwamizawa 1958-03: 31 rows
Iwamizawa 1959-02: 28 rows
Iwamizawa 1959-03: 31 rows
Iwamizawa 1960-02: 29 rows
Iwamizawa 1960-03: 31 rows
Iwamizawa 1961-02: 28 rows
Iwamizawa 1961-03: 31 rows
Iwamizawa 1962-02: 28 rows
Iwamizawa 1962-03: 31 rows
Iwamizawa 1963-02: 28 rows
Iwamizawa 1963-03: 31 rows
Iwamizawa 1964-02: 29 rows
Iwamizawa 1964-03: 31 rows
Iwamizawa 1965-02: 28 rows
Iwamizawa 1965-03: 31 rows
Iwamizawa 1966-02: 28 rows
Iwamizawa 1966-03: 31 rows
Iwamizawa 1967-02: 28 rows
Iwamizawa 1967-03: 31 rows
Iwamizawa 1968-02: 29 rows
Iwamizawa 1968-03: 31 rows
Iwamizawa 1969-02: 28 rows
Iwamizawa 1969-03: 31 rows
Iwamizawa 1970-02: 28 rows
Iwamizawa 1970-03: 31 rows
Iwamizawa 1971-02: 28 rows
Iwamizawa 1971-03: 31 rows
Iwamizawa 1972-02: 29 rows
Iwamizawa 1972-03: 31 rows
Iwamizawa 1973-02: 28 rows
Iwamizawa 1973-03: 31 rows
Iwamizawa 1974-02: 28 rows
Iwamizawa 1974-03: 31 rows
Iwamizawa 1975-02: 28 rows
Iwamizawa 1975-03: 31 rows
Iwamizawa 1976-02: 29 rows
Iwamizawa 1976-03: 31 rows
Iwamizawa 1977-02: 28 rows
Iwamizawa 1977-03: 31 rows
Iwamizawa 1978-02: 28 rows
Iwamizawa 1978-03: 31 rows
Iwamizawa 1979-02: 28 rows
Iwamizawa 1979-03: 31 rows
Iwamizawa 1980-02: 29 rows
Iwamizawa 1980-03: 31 rows
Iwamizawa 1981-02: 28 rows
Iwamizawa 1981-03: 31 rows
Iwamizawa 1982-02: 28 rows
Iwamizawa 1982-03: 31 rows
Iwamizawa 1983-02: 28 rows
Iwamizawa 1983-03: 31 rows
Iwamizawa 1984-02: 29 rows
Iwamizawa 1984-03: 31 rows
Iwamizawa 1985-02: 28 rows
Iwamizawa 1985-03: 31 rows
Iwamizawa 1986-02: 28 rows
Iwamizawa 1986-03: 31 rows
Iwamizawa 1987-02: 28 rows
Iwamizawa 1987-03: 31 rows
Iwamizawa 1988-02: 29 rows
Iwamizawa 1988-03: 31 rows
Iwamizawa 1989-02: 28 rows
Iwamizawa 1989-03: 31 rows
Iwamizawa 1990-02: 28 rows
Iwamizawa 1990-03: 31 rows
Iwamizawa 1991-02: 28 rows
Iwamizawa 1991-03: 31 rows
Iwamizawa 1992-02: 29 rows
Iwamizawa 1992-03: 31 rows
Iwamizawa 1993-02: 28 rows
Iwamizawa 1993-03: 31 rows
Iwamizawa 1994-02: 28 rows
Iwamizawa 1994-03: 31 rows
Iwamizawa 1995-02: 28 rows
Iwamizawa 1995-03: 31 rows
Iwamizawa 1996-02: 29 rows
Iwamizawa 1996-03: 31 rows
Iwamizawa 1997-02: 28 rows
Iwamizawa 1997-03: 31 rows
Iwamizawa 1998-02: 28 rows
Iwamizawa 1998-03: 31 rows
Iwamizawa 1999-02: 28 rows
Iwamizawa 1999-03: 31 rows
Iwamizawa 2000-02: 29 rows
Iwamizawa 2000-03: 31 rows
Iwamizawa 2001-02: 28 rows
Iwamizawa 2001-03: 31 rows
Iwamizawa 2002-02: 28 rows
Iwamizawa 2002-03: 31 rows
Iwamizawa 2003-02: 28 rows
Iwamizawa 2003-03: 31 rows
Iwamizawa 2004-02: 29 rows
Iwamizawa 2004-03: 31 rows
Iwamizawa 2005-02: 28 rows
Iwamizawa 2005-03: 31 rows
Iwamizawa 2006-02: 28 rows
Iwamizawa 2006-03: 31 rows
Iwamizawa 2007-02: 28 rows
Iwamizawa 2007-03: 31 rows
Iwamizawa 2008-02: 29 rows
Iwamizawa 2008-03: 31 rows
Iwamizawa 2009-02: 28 rows
Iwamizawa 2009-03: 31 rows
Iwamizawa 2010-02: 28 rows
Iwamizawa 2010-03: 31 rows
Iwamizawa 2011-02: 28 rows
Iwamizawa 2011-03: 31 rows
Iwamizawa 2012-02: 29 rows
Iwamizawa 2012-03: 31 rows
Iwamizawa 2013-02: 28 rows
Iwamizawa 2013-03: 31 rows
Iwamizawa 2014-02: 28 rows
Iwamizawa 2014-03: 30 rows
Iwamizawa 2015-02: 28 rows
Iwamizawa 2015-03: 31 rows
Iwamizawa 2016-02: 29 rows
Iwamizawa 2016-03: 31 rows
Iwamizawa 2017-02: 28 rows
Iwamizawa 2017-03: 31 rows
Iwamizawa 2018-02: 28 rows
Iwamizawa 2018-03: 31 rows
Iwamizawa 2019-02: 28 rows
Iwamizawa 2019-03: 31 rows
Iwamizawa 2020-02: 29 rows
Iwamizawa 2020-03: 30 rows
Iwamizawa 2021-02: 28 rows
Iwamizawa 2021-03: 31 rows
Iwamizawa 2022-02: 28 rows
Iwamizawa 2022-03: 31 rows
Iwamizawa 2023-02: 28 rows
Iwamizawa 2023-03: 31 rows
Iwamizawa 2024-02: 29 rows
Iwamizawa 2024-03: 31 rows
Urakawa 1953-02: 28 rows
Urakawa 1953-03: 31 rows
Urakawa 1954-02: 28 rows
Urakawa 1954-03: 31 rows
Urakawa 1955-02: 28 rows
Urakawa 1955-03: 31 rows
Urakawa 1956-02: 29 rows
Urakawa 1956-03: 31 rows
Urakawa 1957-02: 28 rows
Urakawa 1957-03: 31 rows
Urakawa 1958-02: 28 rows
Urakawa 1958-03: 31 rows
Urakawa 1959-02: 28 rows
Urakawa 1959-03: 31 rows
Urakawa 1960-02: 29 rows
Urakawa 1960-03: 31 rows
Urakawa 1961-02: 28 rows
Urakawa 1961-03: 31 rows
Urakawa 1962-02: 28 rows
Urakawa 1962-03: 31 rows
Urakawa 1963-02: 28 rows
Urakawa 1963-03: 31 rows
Urakawa 1964-02: 29 rows
Urakawa 1964-03: 31 rows
Urakawa 1965-02: 28 rows
Urakawa 1965-03: 31 rows
Urakawa 1966-02: 28 rows
Urakawa 1966-03: 31 rows
Urakawa 1967-02: 28 rows
Urakawa 1967-03: 31 rows
Urakawa 1968-02: 29 rows
Urakawa 1968-03: 31 rows
Urakawa 1969-02: 28 rows
Urakawa 1969-03: 31 rows
Urakawa 1970-02: 28 rows
Urakawa 1970-03: 31 rows
Urakawa 1971-02: 28 rows
Urakawa 1971-03: 31 rows
Urakawa 1972-02: 29 rows
Urakawa 1972-03: 31 rows
Urakawa 1973-02: 28 rows
Urakawa 1973-03: 31 rows
Urakawa 1974-02: 28 rows
Urakawa 1974-03: 31 rows
Urakawa 1975-02: 28 rows
Urakawa 1975-03: 31 rows
Urakawa 1976-02: 29 rows
Urakawa 1976-03: 31 rows
Urakawa 1977-02: 28 rows
Urakawa 1977-03: 31 rows
Urakawa 1978-02: 28 rows
Urakawa 1978-03: 31 rows
Urakawa 1979-02: 28 rows
Urakawa 1979-03: 31 rows
Urakawa 1980-02: 29 rows
Urakawa 1980-03: 31 rows
Urakawa 1981-02: 28 rows
Urakawa 1981-03: 31 rows
Urakawa 1982-02: 28 rows
Urakawa 1982-03: 31 rows
Urakawa 1983-02: 28 rows
Urakawa 1983-03: 31 rows
Urakawa 1984-02: 29 rows
Urakawa 1984-03: 31 rows
Urakawa 1985-02: 28 rows
Urakawa 1985-03: 31 rows
Urakawa 1986-02: 28 rows
Urakawa 1986-03: 31 rows
Urakawa 1987-02: 28 rows
Urakawa 1987-03: 31 rows
Urakawa 1988-02: 29 rows
Urakawa 1988-03: 31 rows
Urakawa 1989-02: 28 rows
Urakawa 1989-03: 31 rows
Urakawa 1990-02: 28 rows
Urakawa 1990-03: 31 rows
Urakawa 1991-02: 28 rows
Urakawa 1991-03: 31 rows
Urakawa 1992-02: 29 rows
Urakawa 1992-03: 31 rows
Urakawa 1993-02: 28 rows
Urakawa 1993-03: 31 rows
Urakawa 1994-02: 28 rows
Urakawa 1994-03: 31 rows
Urakawa 1995-02: 28 rows
Urakawa 1995-03: 31 rows
Urakawa 1996-02: 29 rows
Urakawa 1996-03: 31 rows
Urakawa 1997-02: 28 rows
Urakawa 1997-03: 31 rows
Urakawa 1998-02: 28 rows
Urakawa 1998-03: 31 rows
Urakawa 1999-02: 28 rows
Urakawa 1999-03: 31 rows
Urakawa 2000-02: 29 rows
Urakawa 2000-03: 31 rows
Urakawa 2001-02: 28 rows
Urakawa 2001-03: 31 rows
Urakawa 2002-02: 28 rows
Urakawa 2002-03: 31 rows
Urakawa 2003-02: 28 rows
Urakawa 2003-03: 31 rows
Urakawa 2004-02: 29 rows
Urakawa 2004-03: 31 rows
Urakawa 2005-02: 28 rows
Urakawa 2005-03: 31 rows
Urakawa 2006-02: 28 rows
Urakawa 2006-03: 31 rows
Urakawa 2007-02: 28 rows
Urakawa 2007-03: 31 rows
Urakawa 2008-02: 29 rows
Urakawa 2008-03: 31 rows
Urakawa 2009-02: 28 rows
Urakawa 2009-03: 31 rows
Urakawa 2010-02: 28 rows
Urakawa 2010-03: 31 rows
Urakawa 2011-02: 28 rows
Urakawa 2011-03: 31 rows
Urakawa 2012-02: 29 rows
Urakawa 2012-03: 31 rows
Urakawa 2013-02: 28 rows
Urakawa 2013-03: 31 rows
Urakawa 2014-02: 28 rows
Urakawa 2014-03: 30 rows
Urakawa 2015-02: 28 rows
Urakawa 2015-03: 31 rows
Urakawa 2016-02: 29 rows
Urakawa 2016-03: 31 rows
Urakawa 2017-02: 28 rows
Urakawa 2017-03: 31 rows
Urakawa 2018-02: 27 rows
Urakawa 2018-03: 31 rows
Urakawa 2019-02: 28 rows
Urakawa 2019-03: 31 rows
Urakawa 2020-02: 29 rows
Urakawa 2020-03: 30 rows
Urakawa 2021-02: 27 rows
Urakawa 2021-03: 31 rows
Urakawa 2022-02: 28 rows
Urakawa 2022-03: 31 rows
Urakawa 2023-02: 28 rows
Urakawa 2023-03: 31 rows
Urakawa 2024-02: 28 rows
Urakawa 2024-03: 31 rows
Aomori 1953-02: 28 rows
Aomori 1953-03: 31 rows
Aomori 1954-02: 28 rows
Aomori 1954-03: 31 rows
Aomori 1955-02: 28 rows
Aomori 1955-03: 31 rows
Aomori 1956-02: 29 rows
Aomori 1956-03: 31 rows
Aomori 1957-02: 28 rows
Aomori 1957-03: 31 rows
Aomori 1958-02: 28 rows
Aomori 1958-03: 31 rows
Aomori 1959-02: 28 rows
Aomori 1959-03: 31 rows
Aomori 1960-02: 29 rows
Aomori 1960-03: 31 rows
Aomori 1961-02: 28 rows
Aomori 1961-03: 31 rows
Aomori 1962-02: 28 rows
Aomori 1962-03: 31 rows
Aomori 1963-02: 28 rows
Aomori 1963-03: 31 rows
Aomori 1964-02: 29 rows
Aomori 1964-03: 31 rows
Aomori 1965-02: 28 rows
Aomori 1965-03: 31 rows
Aomori 1966-02: 28 rows
Aomori 1966-03: 31 rows
Aomori 1967-02: 28 rows
Aomori 1967-03: 31 rows
Aomori 1968-02: 29 rows
Aomori 1968-03: 31 rows
Aomori 1969-02: 28 rows
Aomori 1969-03: 31 rows
Aomori 1970-02: 28 rows
Aomori 1970-03: 31 rows
Aomori 1971-02: 28 rows
Aomori 1971-03: 31 rows
Aomori 1972-02: 29 rows
Aomori 1972-03: 31 rows
Aomori 1973-02: 28 rows
Aomori 1973-03: 31 rows
Aomori 1974-02: 28 rows
Aomori 1974-03: 31 rows
Aomori 1975-02: 28 rows
Aomori 1975-03: 31 rows
Aomori 1976-02: 29 rows
Aomori 1976-03: 31 rows
Aomori 1977-02: 28 rows
Aomori 1977-03: 31 rows
Aomori 1978-02: 28 rows
Aomori 1978-03: 31 rows
Aomori 1979-02: 28 rows